 libsurvive

 Timestamp is 5bfd5a0a (Tue Nov 27 09:51:54 2018)

 Preferred load address is 0000000180000000

 Start         Length     Name                   Class
 0001:00000000 00045096H .textbss                DATA
 0002:00000000 00003610H .text                   CODE
 0002:00003610 0008b730H .text$mn                CODE
 0002:0008ed40 00001020H .text$mn$00             CODE
 0002:0008fd60 00001132H .text$x                 CODE
 0003:00000000 00000110H .CRT$XCA                DATA
 0003:00000110 00000110H .CRT$XCZ                DATA
 0003:00000220 00000110H .CRT$XIA                DATA
 0003:00000330 00000110H .CRT$XIZ                DATA
 0003:00000440 00000110H .CRT$XPA                DATA
 0003:00000550 00000110H .CRT$XPZ                DATA
 0003:00000660 00000110H .CRT$XTA                DATA
 0003:00000770 00000110H .CRT$XTZ                DATA
 0003:00000880 0001c6a4H .rdata                  DATA
 0003:0001cf24 0000018cH .rdata$zzzdbg           DATA
 0003:0001d0b0 00000110H .rtc$IAA                DATA
 0003:0001d1c0 00000438H .rtc$IMZ                DATA
 0003:0001d5f8 00000110H .rtc$IZZ                DATA
 0003:0001d708 00000110H .rtc$TAA                DATA
 0003:0001d818 00000438H .rtc$TMZ                DATA
 0003:0001dc50 00000110H .rtc$TZZ                DATA
 0003:0001dd60 000046d0H .xdata                  DATA
 0003:00022430 0000289eH .edata                  DATA
 0004:00000000 00000c80H .data                   DATA
 0004:00000c80 00001f38H .bss                    DATA
 0005:00000000 00004548H .pdata                  DATA
 0006:00000000 00000848H .idata$5                DATA
 0006:00000848 00000078H .idata$2                DATA
 0006:000008c0 00000018H .idata$3                DATA
 0006:000008d8 00000848H .idata$4                DATA
 0006:00001120 00000d44H .idata$6                DATA
 0006:00001e64 00000060H .idata$7                DATA
 0007:00000000 00000320H .msvcjmc                DATA
 0008:00000000 0000011bH .00cfg                  DATA
 0009:00000000 00000170H .rsrc$01                DATA
 0009:00000170 000002ccH .rsrc$02                DATA

  Address         Publics by Value              Rva+Base               Lib:Object

 0000:00000000       __guard_iat_table          0000000000000000     <absolute>
 0000:00000000       __hybrid_auxiliary_iat     0000000000000000     <absolute>
 0000:00000000       __volatile_metadata        0000000000000000     <absolute>
 0000:00000000       ___safe_se_handler_count   0000000000000000     <absolute>
 0000:00000000       __guard_fids_table         0000000000000000     <absolute>
 0000:00000000       __dynamic_value_reloc_table 0000000000000000     <absolute>
 0000:00000000       __guard_longjmp_table      0000000000000000     <absolute>
 0000:00000000       __hybrid_code_map_count    0000000000000000     <absolute>
 0000:00000000       __guard_iat_count          0000000000000000     <absolute>
 0000:00000000       ___safe_se_handler_table   0000000000000000     <absolute>
 0000:00000000       __hybrid_code_map          0000000000000000     <absolute>
 0000:00000000       __guard_fids_count         0000000000000000     <absolute>
 0000:00000000       __guard_longjmp_count      0000000000000000     <absolute>
 0000:00000000       __enclave_config           0000000000000000     <absolute>
 0000:00000100       __guard_flags              0000000000000100     <absolute>
 0000:00000000       __ImageBase                0000000180000000     <linker-defined>
 0001:00000000       __enc$textbss$begin        0000000180001000     <linker-defined>
 0001:00045096       __enc$textbss$end          0000000180046096     <linker-defined>
 0002:00001da4       cblas_dgemm                0000000180048da4     libopenblas.dll:d004005.o
 0002:00001db0       LAPACKE_dgelss             0000000180048db0     libopenblas.dll:d001520.o
 0002:00001dbc       LAPACKE_dgesvd             0000000180048dbc     libopenblas.dll:d001552.o
 0002:00001dc8       LAPACKE_dgetrf             0000000180048dc8     libopenblas.dll:d001560.o
 0002:00001dd4       LAPACKE_dgetri             0000000180048dd4     libopenblas.dll:d001562.o
 0002:00001de0       LAPACKE_dgetrs             0000000180048de0     libopenblas.dll:d001564.o
 0002:00001dec       dgeqrf_                    0000000180048dec     libopenblas.dll:d005068.o
 0002:00001df8       dorgqr_                    0000000180048df8     libopenblas.dll:d005484.o
 0002:00001e04       dtrtrs_                    0000000180048e04     libopenblas.dll:d005854.o
 0002:00001e10       dpotf2_                    0000000180048e10     libopenblas.dll:d005554.o
 0002:00001e1c       dpotrf_                    0000000180048e1c     libopenblas.dll:d005556.o
 0002:00001e28       dpotrs_                    0000000180048e28     libopenblas.dll:d005560.o
 0002:00001e34       dpotri_                    0000000180048e34     libopenblas.dll:d005558.o
 0002:00001e40       dgetrf_                    0000000180048e40     libopenblas.dll:d005102.o
 0002:00001e4c       dgetrs_                    0000000180048e4c     libopenblas.dll:d005106.o
 0002:00001e58       dgetri_                    0000000180048e58     libopenblas.dll:d005104.o
 0002:00001e64       dgesdd_                    0000000180048e64     libopenblas.dll:d005088.o
 0002:00001e70       dsytrf_                    0000000180048e70     libopenblas.dll:d005752.o
 0002:00001e7c       dsytrs_                    0000000180048e7c     libopenblas.dll:d005766.o
 0002:00001e88       dsytri_                    0000000180048e88     libopenblas.dll:d005760.o
 0002:00003610       __JustMyCode_Default       000000018004a610 f i crc32.obj
 0002:00003620       crc32                      000000018004a620 f   crc32.obj
 0002:000037f0       hid_close                  000000018004a7f0 f   hid-windows.obj
 0002:00003880       hid_enumerate              000000018004a880 f   hid-windows.obj
 0002:000041b0       hid_error                  000000018004b1b0 f   hid-windows.obj
 0002:00004210       hid_exit                   000000018004b210 f   hid-windows.obj
 0002:00004290       hid_free_enumeration       000000018004b290 f   hid-windows.obj
 0002:00004370       hid_get_feature_report     000000018004b370 f   hid-windows.obj
 0002:00004500       hid_get_indexed_string     000000018004b500 f   hid-windows.obj
 0002:00004600       hid_get_manufacturer_string 000000018004b600 f   hid-windows.obj
 0002:000046f0       hid_get_product_string     000000018004b6f0 f   hid-windows.obj
 0002:000047e0       hid_get_serial_number_string 000000018004b7e0 f   hid-windows.obj
 0002:000048d0       hid_init                   000000018004b8d0 f   hid-windows.obj
 0002:00004950       hid_open                   000000018004b950 f   hid-windows.obj
 0002:00004ab0       hid_open_path              000000018004bab0 f   hid-windows.obj
 0002:00004d00       hid_read                   000000018004bd00 f   hid-windows.obj
 0002:00004dc0       hid_read_timeout           000000018004bdc0 f   hid-windows.obj
 0002:00005100       hid_send_feature_report    000000018004c100 f   hid-windows.obj
 0002:000051c0       hid_set_nonblocking        000000018004c1c0 f   hid-windows.obj
 0002:00005260       hid_write                  000000018004c260 f   hid-windows.obj
 0002:00005c50       jsmn_init                  000000018004cc50 f   jsmn.obj
 0002:00005ce0       jsmn_parse                 000000018004cce0 f   jsmn.obj
 0002:00006c40       __local_stdio_printf_options 000000018004dc40 f i json_helpers.obj
 0002:00006c90       _vfprintf_l                000000018004dc90 f i json_helpers.obj
 0002:00006d30       _vscprintf                 000000018004dd30 f i json_helpers.obj
 0002:00006da0       _vscprintf_l               000000018004dda0 f i json_helpers.obj
 0002:00006e70       _vsnprintf                 000000018004de70 f i json_helpers.obj
 0002:00006f10       _vsnprintf_l               000000018004df10 f i json_helpers.obj
 0002:00007000       asprintf                   000000018004e000 f   json_helpers.obj
 0002:00007140       fprintf                    000000018004e140 f i json_helpers.obj
 0002:00007460       json_load_file             000000018004e460 f   json_helpers.obj
 0002:00007820       json_write_double_array    000000018004e820 f   json_helpers.obj
 0002:00007a20       json_write_float           000000018004ea20 f   json_helpers.obj
 0002:00007ac0       json_write_float_array     000000018004eac0 f   json_helpers.obj
 0002:00007cc0       json_write_str             000000018004ecc0 f   json_helpers.obj
 0002:00007d50       json_write_uint32          000000018004ed50 f   json_helpers.obj
 0002:00007de0       load_file_to_mem           000000018004ede0 f   json_helpers.obj
 0002:00007f10       parse_float_array          000000018004ef10 f   json_helpers.obj
 0002:00008050       parse_float_array_in_place 000000018004f050 f   json_helpers.obj
 0002:000082a0       ApplyPoseToPoint           000000018004f2a0 f i linmath.obj
 0002:00008380       ApplyPoseToPose            000000018004f380 f i linmath.obj
 0002:00008450       InvertPose                 000000018004f450 f i linmath.obj
 0002:00008540       Kabsch                     000000018004f540 f   linmath.obj
 0002:00008700       KabschCentered             000000018004f700 f   linmath.obj
 0002:00008c10       PoseToMatrix               000000018004fc10 f i linmath.obj
 0002:00008d30       add3d                      000000018004fd30 f i linmath.obj
 0002:00008e80       angleaxisfrom2vect         000000018004fe80 f i linmath.obj
 0002:00009120       anglebetween3d             0000000180050120 f   linmath.obj
 0002:00009250       axisanglefromquat          0000000180050250 f i linmath.obj
 0002:00009600       center3d                   0000000180050600 f   linmath.obj
 0002:00009770       compare3d                  0000000180050770 f   linmath.obj
 0002:000099c0       copy3d                     00000001800509c0 f i linmath.obj
 0002:00009ac0       cross3d                    0000000180050ac0 f i linmath.obj
 0002:00009e50       dist3d                     0000000180050e50 f   linmath.obj
 0002:00009f20       dot3d                      0000000180050f20 f   linmath.obj
 0002:0000a030       eulerfrom2vectors          0000000180051030 f i linmath.obj
 0002:0000a100       eulerrotatevector          0000000180051100 f i linmath.obj
 0002:0000a1d0       inverseM33                 00000001800511d0 f   linmath.obj
 0002:0000a580       magnitude3d                0000000180051580 f   linmath.obj
 0002:0000a690       matrix44copy               0000000180051690 f i linmath.obj
 0002:0000a710       matrix44transpose          0000000180051710 f i linmath.obj
 0002:0000aad0       mean3d                     0000000180051ad0 f   linmath.obj
 0002:0000ac50       norm3d                     0000000180051c50 f   linmath.obj
 0002:0000ad60       normalize3d                0000000180051d60 f i linmath.obj
 0002:0000ae90       quatadd                    0000000180051e90 f i linmath.obj
 0002:0000b030       quatconjugateby            0000000180052030 f i linmath.obj
 0002:0000b140       quatcopy                   0000000180052140 f i linmath.obj
 0002:0000b270       quatdist                   0000000180052270 f   linmath.obj
 0002:0000b390       quatdivs                   0000000180052390 f i linmath.obj
 0002:0000b4f0       quatevenproduct            00000001800524f0 f i linmath.obj
 0002:0000b7f0       quatfind                   00000001800527f0 f i linmath.obj
 0002:0000b8c0       quatfrom2vectors           00000001800528c0 f i linmath.obj
 0002:0000bc80       quatfromaxisangle          0000000180052c80 f i linmath.obj
 0002:0000be40       quatfromaxisanglemag       0000000180052e40 f i linmath.obj
 0002:0000c010       quatfromeuler              0000000180053010 f i linmath.obj
 0002:0000c2e0       quatfrommatrix             00000001800532e0 f i linmath.obj
 0002:0000cab0       quatfrommatrix33           0000000180053ab0 f i linmath.obj
 0002:0000d140       quatgetconjugate           0000000180054140 f i linmath.obj
 0002:0000d290       quatgetreciprocal          0000000180054290 f i linmath.obj
 0002:0000d340       quatinnerproduct           0000000180054340 f   linmath.obj
 0002:0000d480       quatinvsqmagnitude         0000000180054480 f i linmath.obj
 0002:0000d5d0       quatiszero                 00000001800545d0 f i linmath.obj
 0002:0000d710       quatmagnitude              0000000180054710 f i linmath.obj
 0002:0000d850       quatmultiplyrotation       0000000180054850 f i linmath.obj
 0002:0000d930       quatnormalize              0000000180054930 f i linmath.obj
 0002:0000d9c0       quatoddproduct             00000001800549c0 f i linmath.obj
 0002:0000dbc0       quatouterproduct           0000000180054bc0 f i linmath.obj
 0002:0000df20       quatrotateabout            0000000180054f20 f i linmath.obj
 0002:0000e470       quatrotatevector           0000000180055470 f i linmath.obj
 0002:0000e7b0       quatscale                  00000001800557b0 f i linmath.obj
 0002:0000e910       quatset                    0000000180055910 f i linmath.obj
 0002:0000ea10       quatsetnone                0000000180055a10 f i linmath.obj
 0002:0000eae0       quatslerp                  0000000180055ae0 f i linmath.obj
 0002:0000ee80       quatsub                    0000000180055e80 f i linmath.obj
 0002:0000f020       quattoaxisanglemag         0000000180056020 f i linmath.obj
 0002:0000f1e0       quattoeuler                00000001800561e0 f i linmath.obj
 0002:0000f580       quattomatrix               0000000180056580 f i linmath.obj
 0002:0000fab0       quattomatrix33             0000000180056ab0 f i linmath.obj
 0002:0000ff10       rotate_vec                 0000000180056f10 f i linmath.obj
 0002:00010270       rotatearoundaxis           0000000180057270 f i linmath.obj
 0002:00010650       rotation_between_vecs_to_m3 0000000180057650 f i linmath.obj
 0002:00010740       scale3d                    0000000180057740 f i linmath.obj
 0002:00010860       sub3d                      0000000180057860 f i linmath.obj
 0002:00010a80       cvAlloc                    0000000180057a80 f   minimal_opencv.obj
 0002:00010ae0       cvCloneMat                 0000000180057ae0 f   minimal_opencv.obj
 0002:00010b80       cvCopyTo                   0000000180057b80 f   minimal_opencv.obj
 0002:00010c30       cvCreateData               0000000180057c30 f   minimal_opencv.obj
 0002:00010f00       cvCreateMat                0000000180057f00 f   minimal_opencv.obj
 0002:00010f90       cvCreateMatHeader          0000000180057f90 f   minimal_opencv.obj
 0002:00011150       cvDet                      0000000180058150 f   minimal_opencv.obj
 0002:00011540       cvGEMM                     0000000180058540 f   minimal_opencv.obj
 0002:000118f0       cvInvert                   00000001800588f0 f   minimal_opencv.obj
 0002:00011e50       cvMulTransposed            0000000180058e50 f   minimal_opencv.obj
 0002:000121f0       cvReleaseMat               00000001800591f0 f   minimal_opencv.obj
 0002:000122c0       cvRound                    00000001800592c0 f   minimal_opencv.obj
 0002:00012320       cvSVD                      0000000180059320 f   minimal_opencv.obj
 0002:00012940       cvSetIdentity              0000000180059940 f   minimal_opencv.obj
 0002:00012a50       cvSetZero                  0000000180059a50 f   minimal_opencv.obj
 0002:00012b30       cvSolve                    0000000180059b30 f   minimal_opencv.obj
 0002:00013210       cvTranspose                000000018005a210 f   minimal_opencv.obj
 0002:000136e0       printf                     000000018005a6e0 f i minimal_opencv.obj
 0002:00017aa0       mpfit                      000000018005eaa0 f   mpfit.obj
 0002:0001d310       puff                       0000000180064310 f   puff.obj
 0002:0001d9d0       sba_mot_chkjac_x           00000001800649d0 f   sba_chkjac.obj
 0002:0001dae0       sba_motstr_chkjac_x        0000000180064ae0 f   sba_chkjac.obj
 0002:0001ede0       sba_str_chkjac_x           0000000180065de0 f   sba_chkjac.obj
 0002:0001eef0       sba_crsm_alloc             0000000180065ef0 f   sba_crsm.obj
 0002:0001f080       sba_crsm_col_elmidxs       0000000180066080 f   sba_crsm.obj
 0002:0001f240       sba_crsm_elmidx            0000000180066240 f   sba_crsm.obj
 0002:0001f360       sba_crsm_elmidxp           0000000180066360 f   sba_crsm.obj
 0002:0001f4e0       sba_crsm_free              00000001800664e0 f   sba_crsm.obj
 0002:0001f5b0       sba_crsm_row_elmidxs       00000001800665b0 f   sba_crsm.obj
 0002:00020450       sba_Axb_BK                 0000000180067450 f   sba_lapack.obj
 0002:00020ae0       sba_Axb_CG                 0000000180067ae0 f   sba_lapack.obj
 0002:00021d50       sba_Axb_Chol               0000000180068d50 f   sba_lapack.obj
 0002:000221e0       sba_Axb_LU                 00000001800691e0 f   sba_lapack.obj
 0002:00022710       sba_Axb_QR                 0000000180069710 f   sba_lapack.obj
 0002:00022f60       sba_Axb_QRnoQ              0000000180069f60 f   sba_lapack.obj
 0002:00023730       sba_Axb_SVD                000000018006a730 f   sba_lapack.obj
 0002:00024080       sba_mat_cholinv            000000018006b080 f   sba_lapack.obj
 0002:000244a0       sba_symat_invert_BK        000000018006b4a0 f   sba_lapack.obj
 0002:00024ab0       sba_symat_invert_Chol      000000018006bab0 f   sba_lapack.obj
 0002:00024ec0       sba_symat_invert_LU        000000018006bec0 f   sba_lapack.obj
 0002:000276a0       sba_mot_levmar_x           000000018006e6a0 f   sba_levmar.obj
 0002:00029e20       sba_motstr_levmar_x        0000000180070e20 f   sba_levmar.obj
 0002:0002e960       sba_str_levmar_x           0000000180075960 f   sba_levmar.obj
 0002:000319e0       sba_mot_levmar             00000001800789e0 f   sba_levmar_wrap.obj
 0002:00032c00       sba_motstr_levmar          0000000180079c00 f   sba_levmar_wrap.obj
 0002:00033860       sba_str_levmar             000000018007a860 f   sba_levmar_wrap.obj
 0002:00033b60       EnumerateSymbols           000000018007ab60 f   symbol_enumerator.obj
 0002:00033c80       mycb                       000000018007ac80 f   symbol_enumerator.obj
 0002:00033d60       compute_A_and_b_gauss_newton 000000018007ad60 f   epnp.obj
 0002:00034570       copy_R_and_t               000000018007b570 f   epnp.obj
 0002:00034b30       dist2                      000000018007bb30 f   epnp.obj
 0002:00034cf0       dot                        000000018007bcf0 f   epnp.obj
 0002:00034e00       epnp_add_correspondence    000000018007be00 f   epnp.obj
 0002:00034f80       epnp_choose_control_points 000000018007bf80 f   epnp.obj
 0002:000355c0       epnp_compute_L_6x10        000000018007c5c0 f   epnp.obj
 0002:00035e30       epnp_compute_R_and_t       000000018007ce30 f   epnp.obj
 0002:00035f20       epnp_compute_barycentric_coordinates 000000018007cf20 f   epnp.obj
 0002:000363f0       epnp_compute_ccs           000000018007d3f0 f   epnp.obj
 0002:00036640       epnp_compute_pcs           000000018007d640 f   epnp.obj
 0002:00036850       epnp_compute_pose          000000018007d850 f   epnp.obj
 0002:00036ff0       epnp_compute_rho           000000018007dff0 f   epnp.obj
 0002:00037370       epnp_dtor                  000000018007e370 f   epnp.obj
 0002:00037420       epnp_epnp                  000000018007e420 f   epnp.obj
 0002:000374e0       epnp_estimate_R_and_t      000000018007e4e0 f   epnp.obj
 0002:00038250       epnp_fill_M                000000018007f250 f   epnp.obj
 0002:00038450       epnp_find_betas_approx_3   000000018007f450 f   epnp.obj
 0002:00038980       epnp_reprojection_error    000000018007f980 f   epnp.obj
 0002:00038cb0       epnp_reset_correspondences 000000018007fcb0 f   epnp.obj
 0002:00038d20       epnp_set_internal_parameters 000000018007fd20 f   epnp.obj
 0002:00038df0       epnp_set_maximum_number_of_correspondences 000000018007fdf0 f   epnp.obj
 0002:00038fe0       epnp_solve_for_sign        000000018007ffe0 f   epnp.obj
 0002:000391f0       find_betas_approx_1        00000001800801f0 f   epnp.obj
 0002:00039730       find_betas_approx_2        0000000180080730 f   epnp.obj
 0002:00039bb0       gauss_newton               0000000180080bb0 f   epnp.obj
 0002:00039e50       mat_to_quat                0000000180080e50 f   epnp.obj
 0002:0003a9e0       print_mat                  00000001800819e0 f   epnp.obj
 0002:0003ab20       print_pose                 0000000180081b20 f   epnp.obj
 0002:0003ac40       qr_solve                   0000000180081c40 f   epnp.obj
 0002:0003b640       relative_error             0000000180082640 f   epnp.obj
 0002:0003bdd0       _half_to_float             0000000180082dd0 f   ootx_decoder.obj
 0002:0003bf90       get_ptr                    0000000180082f90 f   ootx_decoder.obj
 0002:0003c040       init_lighthouse_info_v6    0000000180083040 f   ootx_decoder.obj
 0002:0003c3f0       ootx_decode_bit            00000001800833f0 f   ootx_decoder.obj
 0002:0003c470       ootx_detect_preamble       0000000180083470 f   ootx_decoder.obj
 0002:0003c530       ootx_error                 0000000180083530 f   ootx_decoder.obj
 0002:0003c5b0       ootx_free_decoder_context  00000001800835b0 f   ootx_decoder.obj
 0002:0003c640       ootx_inc_buffer_offset     0000000180083640 f   ootx_decoder.obj
 0002:0003c700       ootx_init_decoder_context  0000000180083700 f   ootx_decoder.obj
 0002:0003c800       ootx_process_bit           0000000180083800 f   ootx_decoder.obj
 0002:0003c880       ootx_pump_bit              0000000180083880 f   ootx_decoder.obj
 0002:0003cb60       ootx_reset_buffer          0000000180083b60 f   ootx_decoder.obj
 0002:0003cc00       ootx_write_to_buffer       0000000180083c00 f   ootx_decoder.obj
 0002:0003cd00       print_lighthouse_info_v6   0000000180083d00 f   ootx_decoder.obj
 0002:0003cf60       PoserDataFullScene2Activations 0000000180083f60 f   poser.obj
 0002:0003d110       PoserData_lighthouse_pose_func 0000000180084110 f   poser.obj
 0002:0003d640       PoserData_poser_pose_func  0000000180084640 f   poser.obj
 0002:0003d890       PoserData_poser_pose_func_with_velocity 0000000180084890 f   poser.obj
 0002:0003da40       REGISTERREPORT_IN_IMU      0000000180084a40 f   poser.obj
 0002:0003dab0       _vsprintf_l                0000000180084ab0 f i poser.obj
 0002:0003db50       sprintf                    0000000180084b50 f i poser.obj
 0002:0003dc10       AdjustPosition             0000000180084c10 f   poser_charlesrefine.obj
 0002:0003de00       AdjustRotation             0000000180084e00 f   poser_charlesrefine.obj
 0002:0003ded0       EmitPose                   0000000180084ed0 f   poser_charlesrefine.obj
 0002:0003e060       PoserCharlesRefine         0000000180085060 f   poser_charlesrefine.obj
 0002:0003ffb0       REGISTERPoserCharlesRefine 0000000180086fb0 f   poser_charlesrefine.obj
 0002:00040010       PoserCharlesSlow           0000000180087010 f   poser_charlesslow.obj
 0002:00040f50       REGISTERPoserCharlesSlow   0000000180087f50 f   poser_charlesslow.obj
 0002:00041c50       OrthoSolve                 0000000180088c50 f   poser_daveortho.obj
 0002:00046ee0       PoserDaveOrtho             000000018008dee0 f   poser_daveortho.obj
 0002:00048340       REGISTERPoserDaveOrtho     000000018008f340 f   poser_daveortho.obj
 0002:000483a0       PoserDummy                 000000018008f3a0 f   poser_dummy.obj
 0002:00048500       REGISTERPoserDummy         000000018008f500 f   poser_dummy.obj
 0002:00048560       PoserEPNP                  000000018008f560 f   poser_epnp.obj
 0002:00048da0       REGISTERPoserEPNP          000000018008fda0 f   poser_epnp.obj
 0002:0004a6b0       survive_optimizer_get_calibration 00000001800916b0 f   survive_optimizer.obj
 0002:0004a770       survive_optimizer_get_calibration_index 0000000180091770 f   survive_optimizer.obj
 0002:0004a7e0       survive_optimizer_get_camera 00000001800917e0 f   survive_optimizer.obj
 0002:0004a890       survive_optimizer_get_camera_index 0000000180091890 f   survive_optimizer.obj
 0002:0004a8f0       survive_optimizer_get_parameters_count 00000001800918f0 f   survive_optimizer.obj
 0002:0004a9b0       survive_optimizer_get_pose 00000001800919b0 f   survive_optimizer.obj
 0002:0004aa30       survive_optimizer_get_sensors 0000000180091a30 f   survive_optimizer.obj
 0002:0004aad0       survive_optimizer_get_sensors_index 0000000180091ad0 f   survive_optimizer.obj
 0002:0004ab70       survive_optimizer_run      0000000180091b70 f   survive_optimizer.obj
 0002:0004ac60       survive_optimizer_setup_cameras 0000000180091c60 f   survive_optimizer.obj
 0002:0004adf0       survive_optimizer_setup_pose 0000000180091df0 f   survive_optimizer.obj
 0002:0004b230       REGISTERCONFIG_FAIL_TO_RESET 0000000180092230 f   poser_general_optimizer.obj
 0002:0004b2a0       REGISTERCONFIG_MAX_ERROR   00000001800922a0 f   poser_general_optimizer.obj
 0002:0004b310       REGISTERCONFIG_SEED_POSER  0000000180092310 f   poser_general_optimizer.obj
 0002:0004b380       REGISTERCONFIG_SUC_TO_RESET 0000000180092380 f   poser_general_optimizer.obj
 0002:0004b3f0       general_optimizer_data_dtor 00000001800923f0 f   poser_general_optimizer.obj
 0002:0004b510       general_optimizer_data_init 0000000180092510 f   poser_general_optimizer.obj
 0002:0004b7c0       general_optimizer_data_record_current_pose 00000001800927c0 f   poser_general_optimizer.obj
 0002:0004bb70       general_optimizer_data_record_failure 0000000180092b70 f   poser_general_optimizer.obj
 0002:0004bc10       general_optimizer_data_record_imu 0000000180092c10 f   poser_general_optimizer.obj
 0002:0004bca0       general_optimizer_data_record_success 0000000180092ca0 f   poser_general_optimizer.obj
 0002:0004bf50       PoserMPFIT                 0000000180092f50 f   poser_mpfit.obj
 0002:0004ca00       REGISTERDISABLE_LIGHTHOUSE 0000000180093a00 f   poser_mpfit.obj
 0002:0004ca70       REGISTERPoserMPFIT         0000000180093a70 f   poser_mpfit.obj
 0002:0004cad0       REGISTERSENSOR_VARIANCE    0000000180093ad0 f   poser_mpfit.obj
 0002:0004cb40       REGISTERSENSOR_VARIANCE_PER_SEC 0000000180093b40 f   poser_mpfit.obj
 0002:0004cbb0       REGISTERUSE_IMU            0000000180093bb0 f   poser_mpfit.obj
 0002:0004cc20       REGISTERUSE_JACOBIAN_FUNCTION 0000000180093c20 f   poser_mpfit.obj
 0002:0004cc90       REGISTERUSE_KALMAN         0000000180093c90 f   poser_mpfit.obj
 0002:0004e5e0       PoserOctavioRadii          00000001800955e0 f   poser_octavioradii.obj
 0002:0004fa40       REGISTERPoserOctavioRadii  0000000180096a40 f   poser_octavioradii.obj
 0002:00050dc0       PoserSBA                   0000000180097dc0 f   poser_sba.obj
 0002:00051690       REGISTERPoserSBA           0000000180098690 f   poser_sba.obj
 0002:000516f0       REGISTERSBA_REQUIRED_MEAS  00000001800986f0 f   poser_sba.obj
 0002:00051760       REGISTERSBA_TIME_WINDOW    0000000180098760 f   poser_sba.obj
 0002:000534d0       sba_set_cameras            000000018009a4d0 f   poser_sba.obj
 0002:00053a40       GetRotationMatrixForTorus  000000018009aa40 f   poser_turveytori.obj
 0002:00053be0       PoserTurveyTori            000000018009abe0 f   poser_turveytori.obj
 0002:00055620       REGISTERPoserTurveyTori    000000018009c620 f   poser_turveytori.obj
 0002:00056500       RotateAndTranslatePoint    000000018009d500 f   poser_turveytori.obj
 0002:00056880       RotationEstimateFitnessAxisAngle 000000018009d880 f   poser_turveytori.obj
 0002:00056b60       RotationEstimateFitnessAxisAngleOriginal 000000018009db60 f   poser_turveytori.obj
 0002:00056fd0       RotationEstimateFitnessOld 000000018009dfd0 f   poser_turveytori.obj
 0002:00057420       RotationEstimateFitnessQuaternion 000000018009e420 f   poser_turveytori.obj
 0002:00058f70       SolveForRotation           000000018009ff70 f   poser_turveytori.obj
 0002:00059100       SolveForRotationQuat       00000001800a0100 f   poser_turveytori.obj
 0002:000594a0       angleBetweenSensors        00000001800a04a0 f   poser_turveytori.obj
 0002:00059580       angleFromPoints            00000001800a0580 f   poser_turveytori.obj
 0002:00059880       calculateTorusPointFromAngles 00000001800a0880 f   poser_turveytori.obj
 0002:00059c10       compareFlts                00000001800a0c10 f   poser_turveytori.obj
 0002:00059e00       drawLineBetweenPoints      00000001800a0e00 f   poser_turveytori.obj
 0002:00059e70       estimateToroidalAndPoloidalAngleOfPoint 00000001800a0e70 f   poser_turveytori.obj
 0002:0005a3b0       getAvgPoints               00000001800a13b0 f   poser_turveytori.obj
 0002:0005a500       getGradient                00000001800a1500 f   poser_turveytori.obj
 0002:0005a8b0       getNormalizedAndScaledRotationGradient 00000001800a18b0 f   poser_turveytori.obj
 0002:0005a950       getNormalizedAndScaledVector 00000001800a1950 f   poser_turveytori.obj
 0002:0005ab00       getPointFitness            00000001800a1b00 f   poser_turveytori.obj
 0002:0005aee0       getPointFitnessForPna      00000001800a1ee0 f   poser_turveytori.obj
 0002:0005b110       getRotationGradientAxisAngle 00000001800a2110 f   poser_turveytori.obj
 0002:0005b4e0       getRotationGradientQuaternion 00000001800a24e0 f   poser_turveytori.obj
 0002:0005b8b0       markPointWithStar          00000001800a28b0 f   poser_turveytori.obj
 0002:0005b910       midpoint                   00000001800a2910 f   poser_turveytori.obj
 0002:0005ba60       pythAngleBetweenSensors2   00000001800a2a60 f   poser_turveytori.obj
 0002:0005bbd0       updateHeader               00000001800a2bd0 f   poser_turveytori.obj
 0002:0005bc20       writeAxes                  00000001800a2c20 f   poser_turveytori.obj
 0002:0005bc70       writePcdHeader             00000001800a2c70 f   poser_turveytori.obj
 0002:0005bcc0       writePoint                 00000001800a2cc0 f   poser_turveytori.obj
 0002:0005bd30       writePointCloud            00000001800a2d30 f   poser_turveytori.obj
 0002:0005bd90       GetDriverByConfig          00000001800a2d90 f   survive.obj
 0002:0005c520       REGISTERBLACKLIST_DEVS     00000001800a3520 f   survive.obj
 0002:0005c590       REGISTERCONFIG_D_CALI      00000001800a3590 f   survive.obj
 0002:0005c600       REGISTERCONFIG_FILE        00000001800a3600 f   survive.obj
 0002:0005c670       REGISTERCONFIG_F_CALI      00000001800a3670 f   survive.obj
 0002:0005c6e0       REGISTERCONFIG_LIGHTHOUSE_COUNT 00000001800a36e0 f   survive.obj
 0002:0005c750       REGISTERSURVIVE_VERBOSE    00000001800a3750 f   survive.obj
 0002:0005c7c0       SymnumCheck                00000001800a37c0 f   survive.obj
 0002:0005cb30       snprintf                   00000001800a3b30 f i survive.obj
 0002:0005cbf0       survive_add_driver         00000001800a3bf0 f   survive.obj
 0002:0005ce00       survive_add_object         00000001800a3e00 f   survive.obj
 0002:0005cf90       survive_close              00000001800a3f90 f   survive.obj
 0002:0005d550       survive_get_so_by_name     00000001800a4550 f   survive.obj
 0002:0005d630       survive_haptic             00000001800a4630 f   survive.obj
 0002:0005d710       survive_init_internal      00000001800a4710 f   survive.obj
 0002:0005e620       survive_install_angle_fn   00000001800a5620 f   survive.obj
 0002:0005e6c0       survive_install_button_fn  00000001800a56c0 f   survive.obj
 0002:0005e760       survive_install_error_fn   00000001800a5760 f   survive.obj
 0002:0005e7f0       survive_install_external_pose_fn 00000001800a57f0 f   survive.obj
 0002:0005e890       survive_install_external_velocity_fn 00000001800a5890 f   survive.obj
 0002:0005e930       survive_install_htc_config_fn 00000001800a5930 f   survive.obj
 0002:0005e9d0       survive_install_imu_fn     00000001800a59d0 f   survive.obj
 0002:0005ea70       survive_install_info_fn    00000001800a5a70 f   survive.obj
 0002:0005eb10       survive_install_light_fn   00000001800a5b10 f   survive.obj
 0002:0005ebb0       survive_install_lighthouse_pose_fn 00000001800a5bb0 f   survive.obj
 0002:0005ec50       survive_install_pose_fn    00000001800a5c50 f   survive.obj
 0002:0005ecf0       survive_install_velocity_fn 00000001800a5cf0 f   survive.obj
 0002:0005ed90       survive_object_accel_bias  00000001800a5d90 f   survive.obj
 0002:0005ee00       survive_object_accel_scale 00000001800a5e00 f   survive.obj
 0002:0005ee70       survive_object_charge      00000001800a5e70 f   survive.obj
 0002:0005eed0       survive_object_charging    00000001800a5ed0 f   survive.obj
 0002:0005ef70       survive_object_codename    00000001800a5f70 f   survive.obj
 0002:0005efd0       survive_object_drivername  00000001800a5fd0 f   survive.obj
 0002:0005f030       survive_object_gyro_bias   00000001800a6030 f   survive.obj
 0002:0005f0a0       survive_object_gyro_scale  00000001800a60a0 f   survive.obj
 0002:0005f110       survive_object_last_imu2world 00000001800a6110 f   survive.obj
 0002:0005f170       survive_object_pose        00000001800a6170 f   survive.obj
 0002:0005f1d0       survive_object_sensor_ct   00000001800a61d0 f   survive.obj
 0002:0005f240       survive_object_sensor_locations 00000001800a6240 f   survive.obj
 0002:0005f2b0       survive_object_sensor_normals 00000001800a62b0 f   survive.obj
 0002:0005f320       survive_poll               00000001800a6320 f   survive.obj
 0002:0005f440       survive_remove_object      00000001800a6440 f   survive.obj
 0002:0005f660       survive_send_magic         00000001800a6660 f   survive.obj
 0002:0005f7b0       survive_simple_inflate     00000001800a67b0 f   survive.obj
 0002:0005f8f0       survive_startup            00000001800a68f0 f   survive.obj
 0002:00060130       survive_timecode_difference 00000001800a7130 f   survive.obj
 0002:000601f0       survive_verify_FLT_size    00000001800a71f0 f   survive.obj
 0002:000604b0       vsnprintf                  00000001800a74b0 f i survive.obj
 0002:00061bf0       survive_load_plugin_error  00000001800a8bf0 f   survive_plugins.obj
 0002:00061c40       survive_load_plugins       00000001800a8c40 f   survive_plugins.obj
 0002:00062780       find_or_create_external    00000001800a9780 f   survive_api.obj
 0002:00062b90       survive_simple_close       00000001800a9b90 f   survive_api.obj
 0002:00062c20       survive_simple_get_first_object 00000001800a9c20 f   survive_api.obj
 0002:00062c80       survive_simple_get_next_object 00000001800a9c80 f   survive_api.obj
 0002:00062d20       survive_simple_get_next_updated 00000001800a9d20 f   survive_api.obj
 0002:00062e90       survive_simple_init        00000001800a9e90 f   survive_api.obj
 0002:00063200       survive_simple_is_running  00000001800aa200 f   survive_api.obj
 0002:00063260       survive_simple_object_get_latest_pose 00000001800aa260 f   survive_api.obj
 0002:00063490       survive_simple_object_name 00000001800aa490 f   survive_api.obj
 0002:000634f0       survive_simple_start_thread 00000001800aa4f0 f   survive_api.obj
 0002:00063580       survive_simple_stop_thread 00000001800aa580 f   survive_api.obj
 0002:00063690       REGISTERALLOW_TRACK_FOR_CAL 00000001800aa690 f   survive_cal.obj
 0002:00063700       REGISTERCONFIG_POSER       00000001800aa700 f   survive_cal.obj
 0002:00063770       REGISTEROOTX_IGNORE_SYNC_ERROR 00000001800aa770 f   survive_cal.obj
 0002:000637e0       REGISTERREQ_TRACK_FOR_CAL  00000001800aa7e0 f   survive_cal.obj
 0002:00065270       ootx_error_clbk_d          00000001800ac270 f   survive_cal.obj
 0002:000653a0       ootx_packet_clbk_d         00000001800ac3a0 f   survive_cal.obj
 0002:00065880       survive_cal_angle          00000001800ac880 f   survive_cal.obj
 0002:00066110       survive_cal_get_status     00000001800ad110 f   survive_cal.obj
 0002:000663d0       survive_cal_install        00000001800ad3d0 f   survive_cal.obj
 0002:00066990       survive_cal_light          00000001800ad990 f   survive_cal.obj
 0002:00066d00       DisambiguatorCharles       00000001800add00 f   disambiguator_charles.obj
 0002:000677b0       REGISTERDisambiguatorCharles 00000001800ae7b0 f   disambiguator_charles.obj
 0002:00067ce0       _json_write_float_array    00000001800aece0 f   survive_config.obj
 0002:00067f10       config_read                00000001800aef10 f   survive_config.obj
 0002:00068010       config_read_float          00000001800af010 f   survive_config.obj
 0002:000680d0       config_read_float_array    00000001800af0d0 f   survive_config.obj
 0002:00068280       config_read_lighthouse     00000001800af280 f   survive_config.obj
 0002:00068740       config_read_str            00000001800af740 f   survive_config.obj
 0002:000687f0       config_read_uint32         00000001800af7f0 f   survive_config.obj
 0002:000688a0       config_save                00000001800af8a0 f   survive_config.obj
 0002:000689a0       config_set_float           00000001800af9a0 f   survive_config.obj
 0002:00068ad0       config_set_float_a         00000001800afad0 f   survive_config.obj
 0002:00068c50       config_set_lighthouse      00000001800afc50 f   survive_config.obj
 0002:00068fa0       config_set_str             00000001800affa0 f   survive_config.obj
 0002:00069100       config_set_uint32          00000001800b0100 f   survive_config.obj
 0002:00069220       destroy_config_entry       00000001800b0220 f   survive_config.obj
 0002:000692e0       destroy_config_group       00000001800b02e0 f   survive_config.obj
 0002:000693b0       find_config_entry          00000001800b03b0 f   survive_config.obj
 0002:000695a0       handle_config_group        00000001800b05a0 f   survive_config.obj
 0002:000696c0       handle_tag_value           00000001800b06c0 f   survive_config.obj
 0002:000697d0       init_config_entry          00000001800b07d0 f   survive_config.obj
 0002:00069880       init_config_group          00000001800b0880 f   survive_config.obj
 0002:000699c0       next_unused_entry          00000001800b09c0 f   survive_config.obj
 0002:00069ab0       parse_floats               00000001800b0ab0 f   survive_config.obj
 0002:00069d00       parse_uint32               00000001800b0d00 f   survive_config.obj
 0002:00069f30       pop_config_group           00000001800b0f30 f   survive_config.obj
 0002:00069f90       print_json_value           00000001800b0f90 f   survive_config.obj
 0002:0006a050       resize_config_group        00000001800b1050 f   survive_config.obj
 0002:0006a260       sstrcpy                    00000001800b1260 f   survive_config.obj
 0002:0006a760       survive_attach_configf     00000001800b1760 f   survive_config.obj
 0002:0006a7e0       survive_attach_configi     00000001800b17e0 f   survive_config.obj
 0002:0006a860       survive_attach_configs     00000001800b1860 f   survive_config.obj
 0002:0006a8e0       survive_config_bind_variable 00000001800b18e0 f   survive_config.obj
 0002:0006ab50       survive_config_is_set      00000001800b1b50 f   survive_config.obj
 0002:0006ac20       survive_configf            00000001800b1c20 f   survive_config.obj
 0002:0006adf0       survive_configi            00000001800b1df0 f   survive_config.obj
 0002:0006afc0       survive_configs            00000001800b1fc0 f   survive_config.obj
 0002:0006b280       survive_detach_config      00000001800b2280 f   survive_config.obj
 0002:0006b420       survive_print_help_for_parameter 00000001800b2420 f   survive_config.obj
 0002:0006b580       survive_print_known_configs 00000001800b2580 f   survive_config.obj
 0002:0006b9f0       write_config_group         00000001800b29f0 f   survive_config.obj
 0002:0006cd50       solve_vive_pose            00000001800b3d50 f   survive_default_devices.obj
 0002:0006cfa0       survive_create_device      00000001800b3fa0 f   survive_default_devices.obj
 0002:0006d130       survive_create_hmd         00000001800b4130 f   survive_default_devices.obj
 0002:0006d1d0       survive_create_tr0         00000001800b41d0 f   survive_default_devices.obj
 0002:0006d270       survive_create_tr1         00000001800b4270 f   survive_default_devices.obj
 0002:0006d310       survive_create_wm0         00000001800b4310 f   survive_default_devices.obj
 0002:0006d3b0       survive_create_wm1         00000001800b43b0 f   survive_default_devices.obj
 0002:0006d450       survive_create_ww0         00000001800b4450 f   survive_default_devices.obj
 0002:0006d4f0       survive_load_htc_config_format 00000001800b44f0 f   survive_default_devices.obj
 0002:0006e0a0       handle_lightcap            00000001800b50a0 f   survive_disambiguator.obj
 0002:0006e130       GetDriver                  00000001800b5130 f   survive_driverman.obj
 0002:0006e200       GetDriverNameMatching      00000001800b5200 f   survive_driverman.obj
 0002:0006e330       GetDriverWithPrefix        00000001800b5330 f   survive_driverman.obj
 0002:0006e4d0       ListDrivers                00000001800b54d0 f   survive_driverman.obj
 0002:0006e580       RegisterDriver             00000001800b5580 f   survive_driverman.obj
 0002:0006e630       REGISTERIMU_ACC_VARIANCE   00000001800b5630 f   survive_imu.obj
 0002:0006e6a0       REGISTERIMU_GYRO_VARIANCE  00000001800b56a0 f   survive_imu.obj
 0002:0006e710       REGISTERPOSE_POSITION_VARIANCE_SEC 00000001800b5710 f   survive_imu.obj
 0002:0006e780       REGISTERVELOCITY_POSITION_VARIANCE_SEC 00000001800b5780 f   survive_imu.obj
 0002:0006f010       survive_imu_tracker_init   00000001800b6010 f   survive_imu.obj
 0002:0006f4a0       survive_imu_tracker_integrate_angular_velocity 00000001800b64a0 f   survive_imu.obj
 0002:0006f550       survive_imu_tracker_integrate_imu 00000001800b6550 f   survive_imu.obj
 0002:0006fc40       survive_imu_tracker_integrate_observation 00000001800b6c40 f   survive_imu.obj
 0002:0006ff00       survive_imu_tracker_integrate_rotation 00000001800b6f00 f   survive_imu.obj
 0002:0006ffb0       survive_imu_tracker_integrate_velocity 00000001800b6fb0 f   survive_imu.obj
 0002:00070060       survive_imu_tracker_predict 00000001800b7060 f   survive_imu.obj
 0002:00070110       survive_imu_tracker_predict_pos 00000001800b7110 f   survive_imu.obj
 0002:000702f0       survive_imu_tracker_predict_rot 00000001800b72f0 f   survive_imu.obj
 0002:000704d0       survive_imu_tracker_predict_velocity_pos 00000001800b74d0 f   survive_imu.obj
 0002:000705d0       survive_imu_tracker_predict_velocity_rot 00000001800b75d0 f   survive_imu.obj
 0002:000706d0       survive_imu_velocity       00000001800b76d0 f   survive_imu.obj
 0002:00070d20       survive_update_variances   00000001800b7d20 f   survive_imu.obj
 0002:000711f0       DriverRegPlayback          00000001800b81f0 f   survive_playback.obj
 0002:00071940       REGISTERDriverRegPlayback  00000001800b8940 f   survive_playback.obj
 0002:000719a0       REGISTERPLAYBACK           00000001800b89a0 f   survive_playback.obj
 0002:00071a10       REGISTERPLAYBACK_FACTOR    00000001800b8a10 f   survive_playback.obj
 0002:00071a80       REGISTERRECORD             00000001800b8a80 f   survive_playback.obj
 0002:00071af0       REGISTERRECORD_STDOUT      00000001800b8af0 f   survive_playback.obj
 0002:00071b60       __local_stdio_scanf_options 00000001800b8b60 f i survive_playback.obj
 0002:00071bb0       _vsscanf_l                 00000001800b8bb0 f i survive_playback.obj
 0002:00072ba0       sscanf                     00000001800b9ba0 f i survive_playback.obj
 0002:00072c60       survive_install_recording  00000001800b9c60 f   survive_playback.obj
 0002:00072f60       survive_recording_angle_process 00000001800b9f60 f   survive_playback.obj
 0002:00073060       survive_recording_config_process 00000001800ba060 f   survive_playback.obj
 0002:000731b0       survive_recording_external_pose_process 00000001800ba1b0 f   survive_playback.obj
 0002:00073350       survive_recording_external_velocity_process 00000001800ba350 f   survive_playback.obj
 0002:000734f0       survive_recording_imu_process 00000001800ba4f0 f   survive_playback.obj
 0002:00073720       survive_recording_info_process 00000001800ba720 f   survive_playback.obj
 0002:000737c0       survive_recording_light_process 00000001800ba7c0 f   survive_playback.obj
 0002:00073a40       survive_recording_lightcap 00000001800baa40 f   survive_playback.obj
 0002:00073b30       survive_recording_lighthouse_process 00000001800bab30 f   survive_playback.obj
 0002:00073ce0       survive_recording_raw_pose_process 00000001800bace0 f   survive_playback.obj
 0002:00073e90       survive_recording_velocity_process 00000001800bae90 f   survive_playback.obj
 0002:000740c0       vfprintf                   00000001800bb0c0 f i survive_playback.obj
 0002:000742c0       survive_default_angle_process 00000001800bb2c0 f   survive_process.obj
 0002:000744f0       survive_default_button_process 00000001800bb4f0 f   survive_process.obj
 0002:00074560       survive_default_external_pose_process 00000001800bb560 f   survive_process.obj
 0002:000745e0       survive_default_external_velocity_process 00000001800bb5e0 f   survive_process.obj
 0002:00074660       survive_default_htc_config_process 00000001800bb660 f   survive_process.obj
 0002:00074700       survive_default_imu_process 00000001800bb700 f   survive_process.obj
 0002:00074990       survive_default_light_process 00000001800bb990 f   survive_process.obj
 0002:00074ca0       survive_default_lighthouse_pose_process 00000001800bbca0 f   survive_process.obj
 0002:00074e60       survive_default_raw_pose_process 00000001800bbe60 f   survive_process.obj
 0002:00074f20       survive_default_velocity_process 00000001800bbf20 f   survive_process.obj
 0002:0007eb00       survive_apply_bsd_calibration 00000001800c5b00 f   survive_reproject.obj
 0002:0007ec30       survive_reproject          00000001800c5c30 f   survive_reproject.obj
 0002:0007f030       survive_reproject_axis_x   00000001800c6030 f   survive_reproject.obj
 0002:0007f120       survive_reproject_axis_y   00000001800c6120 f   survive_reproject.obj
 0002:0007f210       survive_reproject_from_pose 00000001800c6210 f   survive_reproject.obj
 0002:0007f2c0       survive_reproject_from_pose_with_bcal 00000001800c62c0 f   survive_reproject.obj
 0002:0007f3a0       survive_reproject_full     00000001800c63a0 f   survive_reproject.obj
 0002:0007f4a0       survive_reproject_full_jac_obj_pose 00000001800c64a0 f   survive_reproject.obj
 0002:0007f740       survive_reproject_full_x_jac_obj_pose 00000001800c6740 f   survive_reproject.obj
 0002:0007f8d0       survive_reproject_full_y_jac_obj_pose 00000001800c68d0 f   survive_reproject.obj
 0002:0007fa60       survive_reproject_xy       00000001800c6a60 f   survive_reproject.obj
 0002:0007fb20       SurviveSensorActivations_add 00000001800c6b20 f   survive_sensor_activations.obj
 0002:0007fcc0       SurviveSensorActivations_add_imu 00000001800c6cc0 f   survive_sensor_activations.obj
 0002:0007fea0       SurviveSensorActivations_isPairValid 00000001800c6ea0 f   survive_sensor_activations.obj
 0002:00080040       SurviveSensorActivations_isReadingValid 00000001800c7040 f   survive_sensor_activations.obj
 0002:000805b0       DisambiguatorStateBased    00000001800c75b0 f   disambiguator_statebased.obj
 0002:00080940       LighthouseState_findByOffset 00000001800c7940 f   disambiguator_statebased.obj
 0002:000816e0       REGISTERDisambiguatorStateBased 00000001800c86e0 f   disambiguator_statebased.obj
 0002:00081fb0       get_last_sync              00000001800c8fb0 f   disambiguator_statebased.obj
 0002:000823c0       DisambiguatorTurvey        00000001800c93c0 f   disambiguator_turvey.obj
 0002:00082520       REGISTERDisambiguatorTurvey 00000001800c9520 f   disambiguator_turvey.obj
 0002:00083720       DriverRegHTCVive           00000001800ca720 f   driver_vive.obj
 0002:00083f50       HAPIReceiver               00000001800caf50 f   driver_vive.obj
 0002:00084510       REGISTERDriverRegHTCVive   00000001800cb510 f   driver_vive.obj
 0002:00084570       _vfwprintf_l               00000001800cb570 f i driver_vive.obj
 0002:00084610       calibrate_acc              00000001800cb610 f   driver_vive.obj
 0002:000848b0       calibrate_gyro             00000001800cb8b0 f   driver_vive.obj
 0002:00085ca0       incrementAndPostButtonQueue 00000001800ccca0 f   driver_vive.obj
 0002:00085f90       registerButtonEvent        00000001800ccf90 f   driver_vive.obj
 0002:00086560       survive_data_cb            00000001800cd560 f   driver_vive.obj
 0002:00086fa0       survive_get_config         00000001800cdfa0 f   driver_vive.obj
 0002:00087670       survive_usb_init           00000001800ce670 f   driver_vive.obj
 0002:00088590       survive_vive_close         00000001800cf590 f   driver_vive.obj
 0002:00088610       survive_vive_send_haptic   00000001800cf610 f   driver_vive.obj
 0002:00088840       survive_vive_send_magic    00000001800cf840 f   driver_vive.obj
 0002:00088eb0       survive_vive_usb_close     00000001800cfeb0 f   driver_vive.obj
 0002:00088fa0       survive_vive_usb_poll      00000001800cffa0 f   driver_vive.obj
 0002:000890c0       wprintf                    00000001800d00c0 f i driver_vive.obj
 0002:00089190       getdelim                   00000001800d0190 f   getdelim.obj
 0002:00089460       getline                    00000001800d0460 f   getdelim.obj
 0002:000894e4       SymCleanup                 00000001800d04e4 f   DbgHelp:dbghelp.dll
 0002:000894ea       SymInitialize              00000001800d04ea f   DbgHelp:dbghelp.dll
 0002:000894f0       SymEnumSymbols             00000001800d04f0 f   DbgHelp:dbghelp.dll
 0002:000894f6       SetupDiEnumDeviceInfo      00000001800d04f6 f   SetupAPI:SETUPAPI.dll
 0002:000894fc       SetupDiDestroyDeviceInfoList 00000001800d04fc f   SetupAPI:SETUPAPI.dll
 0002:00089502       SetupDiEnumDeviceInterfaces 00000001800d0502 f   SetupAPI:SETUPAPI.dll
 0002:00089508       SetupDiGetDeviceInterfaceDetailA 00000001800d0508 f   SetupAPI:SETUPAPI.dll
 0002:0008950e       SetupDiGetClassDevsA       00000001800d050e f   SetupAPI:SETUPAPI.dll
 0002:00089514       SetupDiGetDeviceRegistryPropertyA 00000001800d0514 f   SetupAPI:SETUPAPI.dll
 0002:0008951a       CreateFileA                00000001800d051a f   kernel32:KERNEL32.dll
 0002:00089520       ReadFile                   00000001800d0520 f   kernel32:KERNEL32.dll
 0002:00089526       WriteFile                  00000001800d0526 f   kernel32:KERNEL32.dll
 0002:0008952c       CloseHandle                00000001800d052c f   kernel32:KERNEL32.dll
 0002:00089532       GetLastError               00000001800d0532 f   kernel32:KERNEL32.dll
 0002:00089538       DeviceIoControl            00000001800d0538 f   kernel32:KERNEL32.dll
 0002:0008953e       GetOverlappedResult        00000001800d053e f   kernel32:KERNEL32.dll
 0002:00089544       CancelIo                   00000001800d0544 f   kernel32:KERNEL32.dll
 0002:0008954a       ResetEvent                 00000001800d054a f   kernel32:KERNEL32.dll
 0002:00089550       WaitForSingleObject        00000001800d0550 f   kernel32:KERNEL32.dll
 0002:00089556       CreateEventA               00000001800d0556 f   kernel32:KERNEL32.dll
 0002:0008955c       FreeLibrary                00000001800d055c f   kernel32:KERNEL32.dll
 0002:00089562       GetProcAddress             00000001800d0562 f   kernel32:KERNEL32.dll
 0002:00089568       LoadLibraryA               00000001800d0568 f   kernel32:KERNEL32.dll
 0002:0008956e       LocalFree                  00000001800d056e f   kernel32:KERNEL32.dll
 0002:00089574       FormatMessageW             00000001800d0574 f   kernel32:KERNEL32.dll
 0002:0008957a       GetCurrentProcess          00000001800d057a f   kernel32:KERNEL32.dll
 0002:00089580       GetStdHandle               00000001800d0580 f   kernel32:KERNEL32.dll
 0002:00089586       ReleaseSemaphore           00000001800d0586 f   kernel32:KERNEL32.dll
 0002:0008958c       CreateThread               00000001800d058c f   kernel32:KERNEL32.dll
 0002:00089592       CreateSemaphoreA           00000001800d0592 f   kernel32:KERNEL32.dll
 0002:00089598       SetConsoleTextAttribute    00000001800d0598 f   kernel32:KERNEL32.dll
 0002:0008959e       FindClose                  00000001800d059e f   kernel32:KERNEL32.dll
 0002:000895a4       FindFirstFileExW           00000001800d05a4 f   kernel32:KERNEL32.dll
 0002:000895aa       FindNextFileW              00000001800d05aa f   kernel32:KERNEL32.dll
 0002:000895b0       GetFullPathNameW           00000001800d05b0 f   kernel32:KERNEL32.dll
 0002:000895b6       AreFileApisANSI            00000001800d05b6 f   kernel32:KERNEL32.dll
 0002:000895bc       GetModuleFileNameA         00000001800d05bc f   kernel32:KERNEL32.dll
 0002:000895c2       MultiByteToWideChar        00000001800d05c2 f   kernel32:KERNEL32.dll
 0002:000895c8       WideCharToMultiByte        00000001800d05c8 f   kernel32:KERNEL32.dll
 0002:000895ce       GetACP                     00000001800d05ce f   kernel32:KERNEL32.dll
 0002:000895d4       GetOEMCP                   00000001800d05d4 f   kernel32:KERNEL32.dll
 0002:000895da       ReleaseMutex               00000001800d05da f   kernel32:KERNEL32.dll
 0002:000895e0       CreateMutexA               00000001800d05e0 f   kernel32:KERNEL32.dll
 0002:000895e6       QueryPerformanceCounter    00000001800d05e6 f   kernel32:KERNEL32.dll
 0002:000895ec       QueryPerformanceFrequency  00000001800d05ec f   kernel32:KERNEL32.dll
 0002:000895f2       CreateDirectoryA           00000001800d05f2 f   kernel32:KERNEL32.dll
 0002:000895f8       Sleep                      00000001800d05f8 f   kernel32:KERNEL32.dll
 0002:00089600       _CRT_RTC_INIT              00000001800d0600 f   MSVCRTD:_init_.obj
 0002:00089610       _CRT_RTC_INITW             00000001800d0610 f   MSVCRTD:_init_.obj
 0002:00089620       _RTC_InitBase              00000001800d0620 f   MSVCRTD:_init_.obj
 0002:00089670       _RTC_Shutdown              00000001800d0670 f   MSVCRTD:_init_.obj
 0002:000896a0       __CheckForDebuggerJustMyCode 00000001800d06a0 f   MSVCRTD:debugger_jmc.obj
 0002:000896f0       __raise_securityfailure    00000001800d06f0 f   MSVCRTD:gs_report.obj
 0002:00089740       __report_gsfailure         00000001800d0740 f   MSVCRTD:gs_report.obj
 0002:00089850       __report_rangecheckfailure 00000001800d0850 f   MSVCRTD:gs_report.obj
 0002:00089870       __report_securityfailure   00000001800d0870 f   MSVCRTD:gs_report.obj
 0002:00089940       __report_securityfailureEx 00000001800d0940 f   MSVCRTD:gs_report.obj
 0002:00089c40       _RTC_AllocaHelper          00000001800d0c40 f   MSVCRTD:_stack_.obj
 0002:00089c90       _RTC_CheckStackVars        00000001800d0c90 f   MSVCRTD:_stack_.obj
 0002:00089d40       _RTC_CheckStackVars2       00000001800d0d40 f   MSVCRTD:_stack_.obj
 0002:00089e90       __GSHandlerCheck           00000001800d0e90 f   MSVCRTD:_gshandler_.obj
 0002:00089ee0       __GSHandlerCheckCommon     00000001800d0ee0 f   MSVCRTD:_gshandler_.obj
 0002:0008a030       __security_check_cookie    00000001800d1030 f   MSVCRTD:_amdsecgs_.obj
 0002:0008a070       __chkstk                   00000001800d1070 f   MSVCRTD:_chkstk_.obj
 0002:0008a070       _alloca_probe              00000001800d1070 f   MSVCRTD:_chkstk_.obj
 0002:0008a190       ?_RTC_AllocaFailure@@YAXPEAXPEAU_RTC_ALLOCA_NODE@@H@Z 00000001800d1190 f   MSVCRTD:_error_.obj
 0002:0008a340       ?_RTC_Failure@@YAXPEAXH@Z  00000001800d1340 f   MSVCRTD:_error_.obj
 0002:0008a3b0       ?_RTC_StackFailure@@YAXPEAXPEBD@Z 00000001800d13b0 f   MSVCRTD:_error_.obj
 0002:0008a8f0       _RTC_UninitUse             00000001800d18f0 f   MSVCRTD:_error_.obj
 0002:0008a9f0       _vsprintf_s_l              00000001800d19f0 f i MSVCRTD:_error_.obj
 0002:0008aa70       sprintf_s                  00000001800d1a70 f i MSVCRTD:_error_.obj
 0002:0008af80       _CRT_INIT                  00000001800d1f80 f   MSVCRTD:dll_dllmain.obj
 0002:0008afc0       _DllMainCRTStartup         00000001800d1fc0 f   MSVCRTD:dll_dllmain.obj
 0002:0008b010       ?_RTC_GetErrorFunc@@YAP6AHHPEBDH00ZZPEBX@Z 00000001800d2010 f   MSVCRTD:_userapi_.obj
 0002:0008b020       ?_RTC_GetErrorFuncW@@YAP6AHHPEB_WH00ZZPEBX@Z 00000001800d2020 f   MSVCRTD:_userapi_.obj
 0002:0008b030       _RTC_GetErrDesc            00000001800d2030 f   MSVCRTD:_userapi_.obj
 0002:0008b050       _RTC_NumErrors             00000001800d2050 f   MSVCRTD:_userapi_.obj
 0002:0008b060       _RTC_SetErrorFunc          00000001800d2060 f   MSVCRTD:_userapi_.obj
 0002:0008b080       _RTC_SetErrorFuncW         00000001800d2080 f   MSVCRTD:_userapi_.obj
 0002:0008b0a0       _RTC_SetErrorType          00000001800d20a0 f   MSVCRTD:_userapi_.obj
 0002:0008b720       ?_RTC_GetSrcLine@@YAHPEAEPEA_WKPEAH1K@Z 00000001800d2720 f   MSVCRTD:_pdblkup_.obj
 0002:0008bbe0       _guard_check_icall_nop     00000001800d2be0 f i MSVCRTD:guard_support.obj
 0002:0008bbf0       ReadNoFence64              00000001800d2bf0 f i MSVCRTD:guard_support.obj
 0002:0008bc20       ReadPointerNoFence         00000001800d2c20 f i MSVCRTD:guard_support.obj
 0002:0008bc40       _guard_icall_checks_enforced 00000001800d2c40 f i MSVCRTD:guard_support.obj
 0002:0008bc90       _guard_rf_checks_enforced  00000001800d2c90 f i MSVCRTD:guard_support.obj
 0002:0008bd90       __security_init_cookie     00000001800d2d90 f   MSVCRTD:gs_support.obj
 0002:0008be30       DllMain                    00000001800d2e30 f   MSVCRTD:dll_dllmain_stub.obj
 0002:0008be80       ?__scrt_initialize_type_info@@YAXXZ 00000001800d2e80 f   MSVCRTD:tncleanup.obj
 0002:0008bea0       ?__scrt_uninitialize_type_info@@YAXXZ 00000001800d2ea0 f   MSVCRTD:tncleanup.obj
 0002:0008bec0       __scrt_initialize_default_local_stdio_options 00000001800d2ec0 f   MSVCRTD:default_local_stdio_options.obj
 0002:0008bf20       ??$__crt_fast_decode_pointer@PEAP6AXXZ@@YAPEAP6AXXZQEAP6AXXZ@Z 00000001800d2f20 f i MSVCRTD:utility.obj
 0002:0008bf70       ??$__crt_fast_encode_pointer@PEAP6AXXZ@@YAPEAP6AXXZQEAP6AXXZ@Z 00000001800d2f70 f i MSVCRTD:utility.obj
 0002:0008bfc0       ?__crt_rotate_pointer_value@@YA_K_KH@Z 00000001800d2fc0 f i MSVCRTD:utility.obj
 0002:0008bfe0       ?configure_argv@__scrt_narrow_argv_policy@@SAHXZ 00000001800d2fe0 f i MSVCRTD:utility.obj
 0002:0008c100       ?initialize_environment@__scrt_narrow_environment_policy@@SAHXZ 00000001800d3100 f i MSVCRTD:utility.obj
 0002:0008c1d0       NtCurrentTeb               00000001800d31d0 f i MSVCRTD:utility.obj
 0002:0008c1e0       __scrt_acquire_startup_lock 00000001800d31e0 f   MSVCRTD:utility.obj
 0002:0008c260       __scrt_dllmain_after_initialize_c 00000001800d3260 f   MSVCRTD:utility.obj
 0002:0008c2a0       __scrt_dllmain_before_initialize_c 00000001800d32a0 f   MSVCRTD:utility.obj
 0002:0008c2d0       __scrt_dllmain_crt_thread_attach 00000001800d32d0 f   MSVCRTD:utility.obj
 0002:0008c310       __scrt_dllmain_crt_thread_detach 00000001800d3310 f   MSVCRTD:utility.obj
 0002:0008c330       __scrt_dllmain_exception_filter 00000001800d3330 f   MSVCRTD:utility.obj
 0002:0008c3b0       __scrt_dllmain_uninitialize_c 00000001800d33b0 f   MSVCRTD:utility.obj
 0002:0008c3f0       __scrt_dllmain_uninitialize_critical 00000001800d33f0 f   MSVCRTD:utility.obj
 0002:0008c410       __scrt_initialize_crt      00000001800d3410 f   MSVCRTD:utility.obj
 0002:0008c470       __scrt_initialize_onexit_tables 00000001800d3470 f   MSVCRTD:utility.obj
 0002:0008c5c0       __scrt_is_nonwritable_in_current_image 00000001800d35c0 f   MSVCRTD:utility.obj
 0002:0008c670       __scrt_release_startup_lock 00000001800d3670 f   MSVCRTD:utility.obj
 0002:0008c6b0       __scrt_uninitialize_crt    00000001800d36b0 f   MSVCRTD:utility.obj
 0002:0008c700       _onexit                    00000001800d3700 f   MSVCRTD:utility.obj
 0002:0008c7b0       at_quick_exit              00000001800d37b0 f   MSVCRTD:utility.obj
 0002:0008c820       atexit                     00000001800d3820 f   MSVCRTD:utility.obj
 0002:0008c860       __scrt_get_dyn_tls_init_callback 00000001800d3860 f   MSVCRTD:dyn_tls_init.obj
 0002:0008c870       __crt_debugger_hook        00000001800d3870 f   MSVCRTD:utility_desktop.obj
 0002:0008c890       __scrt_fastfail            00000001800d3890 f   MSVCRTD:utility_desktop.obj
 0002:0008ca90       __scrt_get_show_window_mode 00000001800d3a90 f   MSVCRTD:utility_desktop.obj
 0002:0008cb00       __scrt_initialize_mta      00000001800d3b00 f   MSVCRTD:utility_desktop.obj
 0002:0008cb20       __scrt_initialize_winrt    00000001800d3b20 f   MSVCRTD:utility_desktop.obj
 0002:0008cb30       __scrt_is_managed_app      00000001800d3b30 f   MSVCRTD:utility_desktop.obj
 0002:0008cc00       __scrt_set_unhandled_exception_filter 00000001800d3c00 f   MSVCRTD:utility_desktop.obj
 0002:0008cc20       __scrt_exe_initialize_mta  00000001800d3c20 f   MSVCRTD:utility_desktop.obj
 0002:0008cc20       __scrt_stub_for_initialize_mta 00000001800d3c20 f   MSVCRTD:utility_desktop.obj
 0002:0008cc30       __scrt_unhandled_exception_filter 00000001800d3c30 f   MSVCRTD:utility_desktop.obj
 0002:0008ccc0       _RTC_Initialize            00000001800d3cc0 f   MSVCRTD:_initsect_.obj
 0002:0008cd20       _RTC_Terminate             00000001800d3d20 f   MSVCRTD:_initsect_.obj
 0002:0008cd80       __isa_available_init       00000001800d3d80 f   MSVCRTD:_cpu_disp_.obj
 0002:0008d1d0       _get_startup_argv_mode     00000001800d41d0 f   MSVCRTD:argv_mode.obj
 0002:0008d1e0       __scrt_is_ucrt_dll_in_use  00000001800d41e0 f   MSVCRTD:ucrt_detection.obj
 0002:0008d20e       memcpy                     00000001800d420e f   vcruntimed:VCRUNTIME140D.dll
 0002:0008d214       memset                     00000001800d4214 f   vcruntimed:VCRUNTIME140D.dll
 0002:0008d21a       strstr                     00000001800d421a f   vcruntimed:VCRUNTIME140D.dll
 0002:0008d220       longjmp                    00000001800d4220 f   vcruntimed:VCRUNTIME140D.dll
 0002:0008d226       memcmp                     00000001800d4226 f   vcruntimed:VCRUNTIME140D.dll
 0002:0008d22c       _setjmp                    00000001800d422c f   vcruntimed:VCRUNTIME140D.dll
 0002:0008d22c       __intrinsic_setjmp         00000001800d422c f   vcruntimed:VCRUNTIME140D.dll
 0002:0008d232       __C_specific_handler_noexcept 00000001800d4232 f   vcruntimed:VCRUNTIME140D.dll
 0002:0008d238       __C_specific_handler       00000001800d4238 f   vcruntimed:VCRUNTIME140D.dll
 0002:0008d23e       __vcrt_GetModuleFileNameW  00000001800d423e f   vcruntimed:VCRUNTIME140D.dll
 0002:0008d244       __vcrt_GetModuleHandleW    00000001800d4244 f   vcruntimed:VCRUNTIME140D.dll
 0002:0008d24a       __vcrt_LoadLibraryExW      00000001800d424a f   vcruntimed:VCRUNTIME140D.dll
 0002:0008d250       __std_type_info_destroy_list 00000001800d4250 f   vcruntimed:VCRUNTIME140D.dll
 0002:0008d256       _wcsdup                    00000001800d4256 f   ucrtd:ucrtbased.dll
 0002:0008d25c       wcscmp                     00000001800d425c f   ucrtd:ucrtbased.dll
 0002:0008d262       strcmp                     00000001800d4262 f   ucrtd:ucrtbased.dll
 0002:0008d268       strlen                     00000001800d4268 f   ucrtd:ucrtbased.dll
 0002:0008d26e       strncpy                    00000001800d426e f   ucrtd:ucrtbased.dll
 0002:0008d274       calloc                     00000001800d4274 f   ucrtd:ucrtbased.dll
 0002:0008d27a       free                       00000001800d427a f   ucrtd:ucrtbased.dll
 0002:0008d280       malloc                     00000001800d4280 f   ucrtd:ucrtbased.dll
 0002:0008d286       strtol                     00000001800d4286 f   ucrtd:ucrtbased.dll
 0002:0008d28c       fclose                     00000001800d428c f   ucrtd:ucrtbased.dll
 0002:0008d292       fopen                      00000001800d4292 f   ucrtd:ucrtbased.dll
 0002:0008d298       fputs                      00000001800d4298 f   ucrtd:ucrtbased.dll
 0002:0008d29e       fread                      00000001800d429e f   ucrtd:ucrtbased.dll
 0002:0008d2a4       fseek                      00000001800d42a4 f   ucrtd:ucrtbased.dll
 0002:0008d2aa       ftell                      00000001800d42aa f   ucrtd:ucrtbased.dll
 0002:0008d2b0       __stdio_common_vfprintf    00000001800d42b0 f   ucrtd:ucrtbased.dll
 0002:0008d2b6       __stdio_common_vsprintf    00000001800d42b6 f   ucrtd:ucrtbased.dll
 0002:0008d2bc       strtod                     00000001800d42bc f   ucrtd:ucrtbased.dll
 0002:0008d2c2       acos                       00000001800d42c2 f   ucrtd:ucrtbased.dll
 0002:0008d2c8       asin                       00000001800d42c8 f   ucrtd:ucrtbased.dll
 0002:0008d2ce       atan2                      00000001800d42ce f   ucrtd:ucrtbased.dll
 0002:0008d2d4       cos                        00000001800d42d4 f   ucrtd:ucrtbased.dll
 0002:0008d2da       fabs                       00000001800d42da f   ucrtd:ucrtbased.dll
 0002:0008d2e0       sin                        00000001800d42e0 f   ucrtd:ucrtbased.dll
 0002:0008d2e6       sqrt                       00000001800d42e6 f   ucrtd:ucrtbased.dll
 0002:0008d2ec       _wassert                   00000001800d42ec f   ucrtd:ucrtbased.dll
 0002:0008d2f2       __acrt_iob_func            00000001800d42f2 f   ucrtd:ucrtbased.dll
 0002:0008d2f8       abort                      00000001800d42f8 f   ucrtd:ucrtbased.dll
 0002:0008d2fe       roundf                     00000001800d42fe f   ucrtd:ucrtbased.dll
 0002:0008d304       _finite                    00000001800d4304 f   ucrtd:ucrtbased.dll
 0002:0008d30a       strcpy                     00000001800d430a f   ucrtd:ucrtbased.dll
 0002:0008d310       log10                      00000001800d4310 f   ucrtd:ucrtbased.dll
 0002:0008d316       exit                       00000001800d4316 f   ucrtd:ucrtbased.dll
 0002:0008d31c       fmin                       00000001800d431c f   ucrtd:ucrtbased.dll
 0002:0008d322       _dclass                    00000001800d4322 f   ucrtd:ucrtbased.dll
 0002:0008d328       tan                        00000001800d4328 f   ucrtd:ucrtbased.dll
 0002:0008d32e       qsort                      00000001800d432e f   ucrtd:ucrtbased.dll
 0002:0008d334       atan                       00000001800d4334 f   ucrtd:ucrtbased.dll
 0002:0008d33a       realloc                    00000001800d433a f   ucrtd:ucrtbased.dll
 0002:0008d340       atoi                       00000001800d4340 f   ucrtd:ucrtbased.dll
 0002:0008d346       strcat                     00000001800d4346 f   ucrtd:ucrtbased.dll
 0002:0008d34c       strncmp                    00000001800d434c f   ucrtd:ucrtbased.dll
 0002:0008d352       _set_errno                 00000001800d4352 f   ucrtd:ucrtbased.dll
 0002:0008d358       getenv                     00000001800d4358 f   ucrtd:ucrtbased.dll
 0002:0008d35e       atof                       00000001800d435e f   ucrtd:ucrtbased.dll
 0002:0008d364       feof                       00000001800d4364 f   ucrtd:ucrtbased.dll
 0002:0008d36a       ferror                     00000001800d436a f   ucrtd:ucrtbased.dll
 0002:0008d370       __stdio_common_vsscanf     00000001800d4370 f   ucrtd:ucrtbased.dll
 0002:0008d376       pow                        00000001800d4376 f   ucrtd:ucrtbased.dll
 0002:0008d37c       abs                        00000001800d437c f   ucrtd:ucrtbased.dll
 0002:0008d382       sqrtf                      00000001800d4382 f   ucrtd:ucrtbased.dll
 0002:0008d388       _errno                     00000001800d4388 f   ucrtd:ucrtbased.dll
 0002:0008d38e       __stdio_common_vfwprintf   00000001800d438e f   ucrtd:ucrtbased.dll
 0002:0008d394       fwrite                     00000001800d4394 f   ucrtd:ucrtbased.dll
 0002:0008d39a       getc                       00000001800d439a f   ucrtd:ucrtbased.dll
 0002:0008d3a0       _CrtDbgReport              00000001800d43a0 f   ucrtd:ucrtbased.dll
 0002:0008d3a6       _CrtDbgReportW             00000001800d43a6 f   ucrtd:ucrtbased.dll
 0002:0008d3ac       strcpy_s                   00000001800d43ac f   ucrtd:ucrtbased.dll
 0002:0008d3b2       strcat_s                   00000001800d43b2 f   ucrtd:ucrtbased.dll
 0002:0008d3b8       __stdio_common_vsprintf_s  00000001800d43b8 f   ucrtd:ucrtbased.dll
 0002:0008d3be       _initterm                  00000001800d43be f   ucrtd:ucrtbased.dll
 0002:0008d3c4       _initterm_e                00000001800d43c4 f   ucrtd:ucrtbased.dll
 0002:0008d3ca       _wmakepath_s               00000001800d43ca f   ucrtd:ucrtbased.dll
 0002:0008d3d0       _wsplitpath_s              00000001800d43d0 f   ucrtd:ucrtbased.dll
 0002:0008d3d6       wcscpy_s                   00000001800d43d6 f   ucrtd:ucrtbased.dll
 0002:0008d3dc       _seh_filter_dll            00000001800d43dc f   ucrtd:ucrtbased.dll
 0002:0008d3e2       _configure_narrow_argv     00000001800d43e2 f   ucrtd:ucrtbased.dll
 0002:0008d3e8       _initialize_narrow_environment 00000001800d43e8 f   ucrtd:ucrtbased.dll
 0002:0008d3ee       _initialize_onexit_table   00000001800d43ee f   ucrtd:ucrtbased.dll
 0002:0008d3f4       _register_onexit_function  00000001800d43f4 f   ucrtd:ucrtbased.dll
 0002:0008d3fa       _execute_onexit_table      00000001800d43fa f   ucrtd:ucrtbased.dll
 0002:0008d400       _crt_atexit                00000001800d4400 f   ucrtd:ucrtbased.dll
 0002:0008d406       _crt_at_quick_exit         00000001800d4406 f   ucrtd:ucrtbased.dll
 0002:0008d40c       _cexit                     00000001800d440c f   ucrtd:ucrtbased.dll
 0002:0008d412       terminate                  00000001800d4412 f   ucrtd:ucrtbased.dll
 0002:0008d418       _mkdir                     00000001800d4418 f   ucrtd:ucrtbased.dll
 0002:0008d418       mkdir                      00000001800d4418 f   ucrtd:ucrtbased.dll
 0002:0008d41e       GetCurrentThreadId         00000001800d441e f   kernel32:KERNEL32.dll
 0002:0008d424       RtlCaptureContext          00000001800d4424 f   kernel32:KERNEL32.dll
 0002:0008d42a       RtlLookupFunctionEntry     00000001800d442a f   kernel32:KERNEL32.dll
 0002:0008d430       RtlVirtualUnwind           00000001800d4430 f   kernel32:KERNEL32.dll
 0002:0008d436       UnhandledExceptionFilter   00000001800d4436 f   kernel32:KERNEL32.dll
 0002:0008d43c       SetUnhandledExceptionFilter 00000001800d443c f   kernel32:KERNEL32.dll
 0002:0008d442       TerminateProcess           00000001800d4442 f   kernel32:KERNEL32.dll
 0002:0008d448       IsProcessorFeaturePresent  00000001800d4448 f   kernel32:KERNEL32.dll
 0002:0008d44e       IsDebuggerPresent          00000001800d444e f   kernel32:KERNEL32.dll
 0002:0008d454       RaiseException             00000001800d4454 f   kernel32:KERNEL32.dll
 0002:0008d45a       HeapAlloc                  00000001800d445a f   kernel32:KERNEL32.dll
 0002:0008d460       HeapFree                   00000001800d4460 f   kernel32:KERNEL32.dll
 0002:0008d466       GetProcessHeap             00000001800d4466 f   kernel32:KERNEL32.dll
 0002:0008d46c       VirtualQuery               00000001800d446c f   kernel32:KERNEL32.dll
 0002:0008d472       GetCurrentProcessId        00000001800d4472 f   kernel32:KERNEL32.dll
 0002:0008d478       GetSystemTimeAsFileTime    00000001800d4478 f   kernel32:KERNEL32.dll
 0002:0008d47e       DisableThreadLibraryCalls  00000001800d447e f   kernel32:KERNEL32.dll
 0002:0008d484       InitializeSListHead        00000001800d4484 f   kernel32:KERNEL32.dll
 0002:0008d48a       GetStartupInfoW            00000001800d448a f   kernel32:KERNEL32.dll
 0002:0008d490       GetModuleHandleW           00000001800d4490 f   kernel32:KERNEL32.dll
 0002:0008d4a0       __scrt_stub_for_acrt_initialize 00000001800d44a0 f   MSVCRTD:ucrt_stubs.obj
 0002:0008d4a0       __acrt_initialize          00000001800d44a0 f   MSVCRTD:ucrt_stubs.obj
 0002:0008d4a0       __vcrt_initialize          00000001800d44a0 f   MSVCRTD:ucrt_stubs.obj
 0002:0008d4b0       __acrt_thread_attach       00000001800d44b0 f   MSVCRTD:ucrt_stubs.obj
 0002:0008d4b0       __vcrt_thread_attach       00000001800d44b0 f   MSVCRTD:ucrt_stubs.obj
 0002:0008d4b0       __scrt_stub_for_acrt_thread_attach 00000001800d44b0 f   MSVCRTD:ucrt_stubs.obj
 0002:0008d4c0       __scrt_stub_for_acrt_thread_detach 00000001800d44c0 f   MSVCRTD:ucrt_stubs.obj
 0002:0008d4c0       __acrt_thread_detach       00000001800d44c0 f   MSVCRTD:ucrt_stubs.obj
 0002:0008d4c0       __vcrt_thread_detach       00000001800d44c0 f   MSVCRTD:ucrt_stubs.obj
 0002:0008d4d0       __acrt_uninitialize        00000001800d44d0 f   MSVCRTD:ucrt_stubs.obj
 0002:0008d4d0       __scrt_stub_for_acrt_uninitialize 00000001800d44d0 f   MSVCRTD:ucrt_stubs.obj
 0002:0008d4d0       __vcrt_uninitialize        00000001800d44d0 f   MSVCRTD:ucrt_stubs.obj
 0002:0008d4e0       __vcrt_uninitialize_critical 00000001800d44e0 f   MSVCRTD:ucrt_stubs.obj
 0002:0008d4e0       __acrt_uninitialize_critical 00000001800d44e0 f   MSVCRTD:ucrt_stubs.obj
 0002:0008d4e0       __scrt_stub_for_acrt_uninitialize_critical 00000001800d44e0 f   MSVCRTD:ucrt_stubs.obj
 0002:0008d4f0       _is_c_termination_complete 00000001800d44f0 f   MSVCRTD:ucrt_stubs.obj
 0002:0008d4f0       __scrt_stub_for_is_c_termination_complete 00000001800d44f0 f   MSVCRTD:ucrt_stubs.obj
 0002:0008ed50       _guard_dispatch_icall_nop  00000001800d5d50 f   MSVCRTD:_guard_dispatch_.obj
 0003:00000000       __xc_a                     00000001800d8000     MSVCRTD:initializers.obj
 0003:00000110       __xc_z                     00000001800d8110     MSVCRTD:initializers.obj
 0003:00000220       __xi_a                     00000001800d8220     MSVCRTD:initializers.obj
 0003:00000330       __xi_z                     00000001800d8330     MSVCRTD:initializers.obj
 0003:00000440       __xp_a                     00000001800d8440     MSVCRTD:initializers.obj
 0003:00000550       __xp_z                     00000001800d8550     MSVCRTD:initializers.obj
 0003:00000660       __xt_a                     00000001800d8660     MSVCRTD:initializers.obj
 0003:00000770       __xt_z                     00000001800d8770     MSVCRTD:initializers.obj
 0003:00000fb8       ??_C@_07FGKIDIDM@hid?4dll@ 00000001800d8fb8     hid-windows.obj
 0003:00000fc8       ??_C@_0BD@CBOMEPHA@HidD_GetAttributes@ 00000001800d8fc8     hid-windows.obj
 0003:00000fe0       ??_C@_0BL@OEJFEOIE@HidD_GetSerialNumberString@ 00000001800d8fe0     hid-windows.obj
 0003:00001000       ??_C@_0BL@NLNJBEKH@HidD_GetManufacturerString@ 00000001800d9000     hid-windows.obj
 0003:00001020       ??_C@_0BG@NNFFPJLB@HidD_GetProductString@ 00000001800d9020     hid-windows.obj
 0003:00001040       ??_C@_0BA@ENIKBGID@HidD_SetFeature@ 00000001800d9040     hid-windows.obj
 0003:00001058       ??_C@_0BA@FDKFKBMK@HidD_GetFeature@ 00000001800d9058     hid-windows.obj
 0003:00001070       ??_C@_0BG@HBEPJNGD@HidD_GetIndexedString@ 00000001800d9070     hid-windows.obj
 0003:00001090       ??_C@_0BG@NCCNKODK@HidD_GetPreparsedData@ 00000001800d9090     hid-windows.obj
 0003:000010b0       ??_C@_0BH@HPJNKOKM@HidD_FreePreparsedData@ 00000001800d90b0     hid-windows.obj
 0003:000010d0       ??_C@_0N@PAEDFHIM@HidP_GetCaps@ 00000001800d90d0     hid-windows.obj
 0003:000010e0       ??_C@_0BI@HGIMLKHJ@HidD_SetNumInputBuffers@ 00000001800d90e0     hid-windows.obj
 0003:00001100       ??_C@_08POBLEMDG@HIDClass@ 00000001800d9100     hid-windows.obj
 0003:0000110c       ??_C@_04MEDFEMKM@?$CGmi_@  00000001800d910c     hid-windows.obj
 0003:00001118       ??_C@_0L@KLBPNCIB@CreateFile@ 00000001800d9118     hid-windows.obj
 0003:00001128       ??_C@_09NOIIIIGM@WriteFile@ 00000001800d9128     hid-windows.obj
 0003:00001138       ??_C@_0BE@LHCFOKBA@GetOverlappedResult@ 00000001800d9138     hid-windows.obj
 0003:00001150       ??_C@_0CE@GNMMJCPJ@Send?5Feature?5Report?5DeviceIoCon@ 00000001800d9150     hid-windows.obj
 0003:00001180       ??_C@_0CI@PDMBNDLH@Send?5Feature?5Report?5GetOverLapp@ 00000001800d9180     hid-windows.obj
 0003:000015e4       ??_C@_06KJCKIFMC@?$CC?$CFs?$CC?3?$FL@ 00000001800d95e4     json_helpers.obj
 0003:000015ec       ??_C@_06LFKFJLAP@?$CFs?$CC?$CFf?$CC@ 00000001800d95ec     json_helpers.obj
 0003:000015f8       ??_C@_07KJDLNDKE@?$CFs?$CC?$CFf?$CC?0@ 00000001800d95f8     json_helpers.obj
 0003:00001604       ??_C@_03BAPFIKPP@?$CFs?$FN@ 00000001800d9604     json_helpers.obj
 0003:00001608       ??_C@_09IECGBPDB@?$CC?$CFs?$CC?3?$CC?$CFd?$CC@ 00000001800d9608     json_helpers.obj
 0003:00001618       ??_C@_09IHKCMLFP@?$CC?$CFs?$CC?3?$CC?$CFf?$CC@ 00000001800d9618     json_helpers.obj
 0003:00001628       ??_C@_09JNEPKKME@?$CC?$CFs?$CC?3?$CC?$CFs?$CC@ 00000001800d9628     json_helpers.obj
 0003:00001634       ??_C@_01KDCPPGHE@r@        00000001800d9634     json_helpers.obj
 0003:000028c0       ??_C@_1IC@KGINPEPN@?$AAd?$AA?3?$AA?2?$AAd?$AAo?$AAc?$AAu?$AAm?$AAe?$AAn?$AAt?$AAs?$AA?2?$AAf?$AAt@ 00000001800da8c0     linmath.obj
 0003:00002960       ??_C@_1EO@NDAHBCK@?$AA?$CI?$AAu?$AAn?$AAs?$AAi?$AAg?$AAn?$AAe?$AAd?$AA?$CJ?$AAC?$AAV?$AA_?$AAM?$AAA@ 00000001800da960     linmath.obj
 0003:000029c0       __real@0000000000000000    00000001800da9c0     linmath.obj
 0003:000029d0       __real@38aa95a5c0000000    00000001800da9d0     linmath.obj
 0003:000029e0       __real@3ddb7cdfd9d7bdbb    00000001800da9e0     linmath.obj
 0003:000029f0       __real@3e80000000000000    00000001800da9f0     linmath.obj
 0003:00002a00       __real@3fd0000000000000    00000001800daa00     linmath.obj
 0003:00002a10       __real@3fe0000000000000    00000001800daa10     linmath.obj
 0003:00002a20       __real@3fefffffca501acb    00000001800daa20     linmath.obj
 0003:00002a30       __real@3ff0000000000000    00000001800daa30     linmath.obj
 0003:00002a40       __real@4000000000000000    00000001800daa40     linmath.obj
 0003:00002a50       __real@400921fb5444261e    00000001800daa50     linmath.obj
 0003:00002a60       __real@bfeffffde0000000    00000001800daa60     linmath.obj
 0003:00002a70       __real@bfefffffca501acb    00000001800daa70     linmath.obj
 0003:00002a80       __real@bff0000000000000    00000001800daa80     linmath.obj
 0003:00002a90       __xmm@80000000000000008000000000000000 00000001800daa90     linmath.obj
 0003:00002aa4       DECOMP_SVD                 00000001800daaa4     minimal_opencv.obj
 0003:00002aa8       DECOMP_LU                  00000001800daaa8     minimal_opencv.obj
 0003:00002f10       ??_C@_1JG@NOPJCAOO@?$AA?$CI?$AAu?$AAn?$AAs?$AAi?$AAg?$AAn?$AAe?$AAd?$AA?$CJ?$AAr?$AAo?$AAw?$AA?5?$AA?$DM@ 00000001800daf10     minimal_opencv.obj
 0003:00002fc8       ??_C@_1CC@LCHDLMJJ@?$AAt?$AAy?$AAp?$AAe?$AA?5?$AA?$DN?$AA?$DN?$AA?5?$AAC?$AAV?$AA_?$AA6?$AA4?$AAF?$AAC@ 00000001800dafc8     minimal_opencv.obj
 0003:00002ff0       ??_C@_1IC@HBIMHDPM@?$AAd?$AA?3?$AA?2?$AAd?$AAo?$AAc?$AAu?$AAm?$AAe?$AAn?$AAt?$AAs?$AA?2?$AAf?$AAt@ 00000001800daff0     minimal_opencv.obj
 0003:00003090       ??_C@_1BO@NLLAAENM@?$AAc?$AAo?$AAl?$AAs?$AA1?$AA?5?$AA?$DN?$AA?$DN?$AA?5?$AAr?$AAo?$AAw?$AAs?$AA2@ 00000001800db090     minimal_opencv.obj
 0003:000030b8       ??_C@_1CG@MMEMNAMP@?$AAr?$AAo?$AAw?$AAs?$AA1?$AA?5?$AA?$DN?$AA?$DN?$AA?5?$AAd?$AAs?$AAt?$AA?9?$AA?$DO?$AAr@ 00000001800db0b8     minimal_opencv.obj
 0003:000030e8       ??_C@_1CG@KGPJIGNO@?$AAc?$AAo?$AAl?$AAs?$AA2?$AA?5?$AA?$DN?$AA?$DN?$AA?5?$AAd?$AAs?$AAt?$AA?9?$AA?$DO?$AAc@ 00000001800db0e8     minimal_opencv.obj
 0003:00003118       ??_C@_1BM@JHKKBOFM@?$AAd?$AAr?$AAo?$AAw?$AAs?$AA?5?$AA?$DN?$AA?$DN?$AA?5?$AAc?$AAo?$AAl?$AAs@ 00000001800db118     minimal_opencv.obj
 0003:00003140       ??_C@_1IC@CKIFGDN@?$AAo?$AAr?$AAd?$AAe?$AAr?$AA?5?$AA?$DN?$AA?$DN?$AA?5?$AA1?$AA?5?$AA?$DP?$AA?5?$AA?$CI?$AAd@ 00000001800db140     minimal_opencv.obj
 0003:000031e0       ??_C@_0BL@MNKPNPG@This?5isn?8t?5implemented?5yet@ 00000001800db1e0     minimal_opencv.obj
 0003:00003200       ??_C@_1FG@JJIGOBG@?$AAd?$AAe?$AAl?$AAt?$AAa?$AA?5?$AA?$DN?$AA?$DN?$AA?5?$AA0?$AA?5?$AA?$CG?$AA?$CG?$AA?5?$AA?$CC@ 00000001800db200     minimal_opencv.obj
 0003:00003268       ??_C@_1DA@EIFFNPNK@?$AA?$CB?$AA?$CI?$AAr?$AAo?$AAw?$AAs?$AA?5?$AA?$DM?$AA?5?$AA0?$AA?5?$AA?$HM?$AA?$HM?$AA?5?$AAc@ 00000001800db268     minimal_opencv.obj
 0003:000032a8       ??_C@_1CC@CGJAMMNM@?$AA?$CB?$AA?$CI?$AAm?$AAi?$AAn?$AA_?$AAs?$AAt?$AAe?$AAp?$AA?5?$AA?$DM?$AA?$DN?$AA?5?$AA0@ 00000001800db2a8     minimal_opencv.obj
[...]
 0007:0000018a       __8E87E122_basetsd@h       000000018010718a     survive_disambiguator.obj
 0007:0000018b       __5DB10197_corecrt_memcpy_s@h 000000018010718b     survive_disambiguator.obj
 0007:0000018c       __7A0084B3_corecrt_wstring@h 000000018010718c     survive_disambiguator.obj
 0007:0000018d       __BEFE0DB4_string@h        000000018010718d     survive_disambiguator.obj
 0007:0000018e       __63C7EAC6_winnt@h         000000018010718e     survive_disambiguator.obj
 0007:0000018f       __AB96E0D9_processthreadsapi@h 000000018010718f     survive_disambiguator.obj
 0007:00000190       __1F0D0A2C_memoryapi@h     0000000180107190     survive_disambiguator.obj
 0007:00000191       __F4DB91DA_winerror@h      0000000180107191     survive_disambiguator.obj
 0007:00000192       __7B6C648A_winbase@h       0000000180107192     survive_disambiguator.obj
 0007:00000193       __81802372_stralign@h      0000000180107193     survive_disambiguator.obj
 0007:00000194       __1BBF9705_os_generic@h    0000000180107194     survive_disambiguator.obj
 0007:00000195       __63C32DEF_survive_disambiguator@c 0000000180107195     survive_disambiguator.obj
 0007:00000199       __D40DD59F_corecrt_stdio_config@h 0000000180107199     survive_driverman.obj
 0007:0000019a       __3AB8031F_corecrt_wstdio@h 000000018010719a     survive_driverman.obj
 0007:0000019b       __A57BBCE6_stdio@h         000000018010719b     survive_driverman.obj
 0007:0000019c       __B512A280_linmath@h       000000018010719c     survive_driverman.obj
 0007:0000019d       __E77E1882_survive@h       000000018010719d     survive_driverman.obj
 0007:0000019e       __5DB10197_corecrt_memcpy_s@h 000000018010719e     survive_driverman.obj
 0007:0000019f       __7A0084B3_corecrt_wstring@h 000000018010719f     survive_driverman.obj
 0007:000001a0       __BEFE0DB4_string@h        00000001801071a0     survive_driverman.obj
 0007:000001a1       __CEE45438_survive_driverman@c 00000001801071a1     survive_driverman.obj
 0007:000001a3       __B512A280_linmath@h       00000001801071a3     survive_imu.obj
 0007:000001a4       __D40DD59F_corecrt_stdio_config@h 00000001801071a4     survive_imu.obj
 0007:000001a5       __3AB8031F_corecrt_wstdio@h 00000001801071a5     survive_imu.obj
 0007:000001a6       __A57BBCE6_stdio@h         00000001801071a6     survive_imu.obj
 0007:000001a7       __E77E1882_survive@h       00000001801071a7     survive_imu.obj
 0007:000001a8       __AF9067BE_corecrt_math@h  00000001801071a8     survive_imu.obj
 0007:000001a9       __5DB10197_corecrt_memcpy_s@h 00000001801071a9     survive_imu.obj
 0007:000001aa       __A5DCF863_survive_imu@c   00000001801071aa     survive_imu.obj
 0007:000001ac       __D40DD59F_corecrt_stdio_config@h 00000001801071ac     survive_playback.obj
 0007:000001ad       __3AB8031F_corecrt_wstdio@h 00000001801071ad     survive_playback.obj
 0007:000001ae       __A57BBCE6_stdio@h         00000001801071ae     survive_playback.obj
 0007:000001af       __B512A280_linmath@h       00000001801071af     survive_playback.obj
 0007:000001b0       __E77E1882_survive@h       00000001801071b0     survive_playback.obj
 0007:000001b1       __5DB10197_corecrt_memcpy_s@h 00000001801071b1     survive_playback.obj
 0007:000001b2       __7A0084B3_corecrt_wstring@h 00000001801071b2     survive_playback.obj
 0007:000001b3       __BEFE0DB4_string@h        00000001801071b3     survive_playback.obj
 0007:000001b4       __7A53EED8_ctype@h         00000001801071b4     survive_playback.obj
 0007:000001b5       __8E87E122_basetsd@h       00000001801071b5     survive_playback.obj
 0007:000001b6       __63C7EAC6_winnt@h         00000001801071b6     survive_playback.obj
 0007:000001b7       __AB96E0D9_processthreadsapi@h 00000001801071b7     survive_playback.obj
 0007:000001b8       __1F0D0A2C_memoryapi@h     00000001801071b8     survive_playback.obj
 0007:000001b9       __F4DB91DA_winerror@h      00000001801071b9     survive_playback.obj
 0007:000001ba       __7B6C648A_winbase@h       00000001801071ba     survive_playback.obj
 0007:000001bb       __81802372_stralign@h      00000001801071bb     survive_playback.obj
 0007:000001bc       __1BBF9705_os_generic@h    00000001801071bc     survive_playback.obj
 0007:000001bd       __C543291E_survive_playback@c 00000001801071bd     survive_playback.obj
 0007:000001c1       __D40DD59F_corecrt_stdio_config@h 00000001801071c1     survive_process.obj
 0007:000001c2       __3AB8031F_corecrt_wstdio@h 00000001801071c2     survive_process.obj
 0007:000001c3       __A57BBCE6_stdio@h         00000001801071c3     survive_process.obj
 0007:000001c4       __B512A280_linmath@h       00000001801071c4     survive_process.obj
 0007:000001c5       __E77E1882_survive@h       00000001801071c5     survive_process.obj
 0007:000001c6       __B324BF7B_survive_process@c 00000001801071c6     survive_process.obj
 0007:000001c8       __B512A280_linmath@h       00000001801071c8     survive_reproject.obj
 0007:000001c9       __D40DD59F_corecrt_stdio_config@h 00000001801071c9     survive_reproject.obj
 0007:000001ca       __3AB8031F_corecrt_wstdio@h 00000001801071ca     survive_reproject.obj
 0007:000001cb       __A57BBCE6_stdio@h         00000001801071cb     survive_reproject.obj
 0007:000001cc       __E77E1882_survive@h       00000001801071cc     survive_reproject.obj
 0007:000001cd       __AF9067BE_corecrt_math@h  00000001801071cd     survive_reproject.obj
 0007:000001ce       __868F57CE_survive_reproject@generated@h 00000001801071ce     survive_reproject.obj
 0007:000001cf       __09C140A5_survive_reproject@c 00000001801071cf     survive_reproject.obj
 0007:000001d1       __AF9067BE_corecrt_math@h  00000001801071d1     survive_sensor_activations.obj
 0007:000001d2       __B512A280_linmath@h       00000001801071d2     survive_sensor_activations.obj
 0007:000001d3       __D40DD59F_corecrt_stdio_config@h 00000001801071d3     survive_sensor_activations.obj
 0007:000001d4       __3AB8031F_corecrt_wstdio@h 00000001801071d4     survive_sensor_activations.obj
 0007:000001d5       __A57BBCE6_stdio@h         00000001801071d5     survive_sensor_activations.obj
 0007:000001d6       __E77E1882_survive@h       00000001801071d6     survive_sensor_activations.obj
 0007:000001d7       __99D52820_survive_sensor_activations@c 00000001801071d7     survive_sensor_activations.obj
 0007:000001d9       __D40DD59F_corecrt_stdio_config@h 00000001801071d9     disambiguator_statebased.obj
 0007:000001da       __3AB8031F_corecrt_wstdio@h 00000001801071da     disambiguator_statebased.obj
 0007:000001db       __A57BBCE6_stdio@h         00000001801071db     disambiguator_statebased.obj
 0007:000001dc       __B512A280_linmath@h       00000001801071dc     disambiguator_statebased.obj
 0007:000001dd       __E77E1882_survive@h       00000001801071dd     disambiguator_statebased.obj
 0007:000001de       __AF9067BE_corecrt_math@h  00000001801071de     disambiguator_statebased.obj
 0007:000001df       __5DB10197_corecrt_memcpy_s@h 00000001801071df     disambiguator_statebased.obj
 0007:000001e0       __7A0084B3_corecrt_wstring@h 00000001801071e0     disambiguator_statebased.obj
 0007:000001e1       __BEFE0DB4_string@h        00000001801071e1     disambiguator_statebased.obj
 0007:000001e2       __1EF5FC06_disambiguator_statebased@c 00000001801071e2     disambiguator_statebased.obj
 0007:000001e5       __D40DD59F_corecrt_stdio_config@h 00000001801071e5     disambiguator_turvey.obj
 0007:000001e6       __3AB8031F_corecrt_wstdio@h 00000001801071e6     disambiguator_turvey.obj
 0007:000001e7       __A57BBCE6_stdio@h         00000001801071e7     disambiguator_turvey.obj
 0007:000001e8       __B512A280_linmath@h       00000001801071e8     disambiguator_turvey.obj
 0007:000001e9       __E77E1882_survive@h       00000001801071e9     disambiguator_turvey.obj
 0007:000001ea       __AF9067BE_corecrt_math@h  00000001801071ea     disambiguator_turvey.obj
 0007:000001eb       __5DB10197_corecrt_memcpy_s@h 00000001801071eb     disambiguator_turvey.obj
 0007:000001ec       __7A0084B3_corecrt_wstring@h 00000001801071ec     disambiguator_turvey.obj
 0007:000001ed       __BEFE0DB4_string@h        00000001801071ed     disambiguator_turvey.obj
 0007:000001ee       __3ABA2217_disambiguator_turvey@c 00000001801071ee     disambiguator_turvey.obj
 0007:000001f1       __7A53EED8_ctype@h         00000001801071f1     driver_vive.obj
 0007:000001f2       __8E87E122_basetsd@h       00000001801071f2     driver_vive.obj
 0007:000001f3       __5DB10197_corecrt_memcpy_s@h 00000001801071f3     driver_vive.obj
 0007:000001f4       __7A0084B3_corecrt_wstring@h 00000001801071f4     driver_vive.obj
 0007:000001f5       __BEFE0DB4_string@h        00000001801071f5     driver_vive.obj
 0007:000001f6       __63C7EAC6_winnt@h         00000001801071f6     driver_vive.obj
 0007:000001f7       __AB96E0D9_processthreadsapi@h 00000001801071f7     driver_vive.obj
 0007:000001f8       __1F0D0A2C_memoryapi@h     00000001801071f8     driver_vive.obj
 0007:000001f9       __F4DB91DA_winerror@h      00000001801071f9     driver_vive.obj
 0007:000001fa       __7B6C648A_winbase@h       00000001801071fa     driver_vive.obj
 0007:000001fb       __81802372_stralign@h      00000001801071fb     driver_vive.obj
 0007:000001fc       __1BBF9705_os_generic@h    00000001801071fc     driver_vive.obj
 0007:000001fd       __D40DD59F_corecrt_stdio_config@h 00000001801071fd     driver_vive.obj
 0007:000001fe       __3AB8031F_corecrt_wstdio@h 00000001801071fe     driver_vive.obj
 0007:000001ff       __A57BBCE6_stdio@h         00000001801071ff     driver_vive.obj
 0007:00000200       __B512A280_linmath@h       0000000180107200     driver_vive.obj
 0007:00000201       __E77E1882_survive@h       0000000180107201     driver_vive.obj
 0007:00000202       __3F8BCAED_stat@h          0000000180107202     driver_vive.obj
 0007:00000203       __ACA0BEE6_malloc@h        0000000180107203     driver_vive.obj
 0007:00000204       __7EC77528_corecrt_wconio@h 0000000180107204     driver_vive.obj
 0007:00000205       __8AE89E8D_corecrt_wtime@h 0000000180107205     driver_vive.obj
 0007:00000206       __5B5D5F1B_wchar@h         0000000180107206     driver_vive.obj
 0007:00000207       __4017D203_driver_vive@c   0000000180107207     driver_vive.obj
 0007:0000020c       __D40DD59F_corecrt_stdio_config@h 000000018010720c     getdelim.obj
 0007:0000020d       __3AB8031F_corecrt_wstdio@h 000000018010720d     getdelim.obj
 0007:0000020e       __A57BBCE6_stdio@h         000000018010720e     getdelim.obj
 0007:0000020f       __C2296474_getdelim@c      000000018010720f     getdelim.obj
 0009:00000170       $R000000                   0000000180109170     * linker generated manifest res *

 Exports

  ordinal    name

        1    ApplyPoseToPoint
        2    ApplyPoseToPose
        3    GetDriver
        4    GetDriverByConfig
        5    GetDriverNameMatching
        6    GetDriverWithPrefix
        7    InvertPose
        8    Kabsch
        9    KabschCentered
       10    LinmathPose_Identity
       11    LinmathQuat_Identity
       12    ListDrivers
       13    PoseToMatrix
       14    PoserDataFullScene2Activations
       15    PoserData_lighthouse_pose_func
       16    PoserData_poser_pose_func
       17    PoserData_poser_pose_func_with_velocity
       18    REGISTERALLOW_TRACK_FOR_CAL
       19    REGISTERBLACKLIST_DEVS
       20    REGISTERCONFIG_D_CALI
       21    REGISTERCONFIG_FAIL_TO_RESET
       22    REGISTERCONFIG_FILE
       23    REGISTERCONFIG_F_CALI
       24    REGISTERCONFIG_LIGHTHOUSE_COUNT
       25    REGISTERCONFIG_MAX_ERROR
       26    REGISTERCONFIG_POSER
       27    REGISTERCONFIG_SEED_POSER
       28    REGISTERCONFIG_SUC_TO_RESET
       29    REGISTERDISABLE_LIGHTHOUSE
       30    REGISTERDisambiguatorCharles
       31    REGISTERDisambiguatorStateBased
       32    REGISTERDisambiguatorTurvey
       33    REGISTERDriverRegHTCVive
       34    REGISTERDriverRegPlayback
       35    REGISTERIMU_ACC_VARIANCE
       36    REGISTERIMU_GYRO_VARIANCE
       37    REGISTEROOTX_IGNORE_SYNC_ERROR
       38    REGISTERPLAYBACK
       39    REGISTERPLAYBACK_FACTOR
       40    REGISTERPOSE_POSITION_VARIANCE_SEC
       41    REGISTERPoserCharlesRefine
       42    REGISTERPoserCharlesSlow
       43    REGISTERPoserDaveOrtho
       44    REGISTERPoserDummy
       45    REGISTERPoserEPNP
       46    REGISTERPoserMPFIT
       47    REGISTERPoserOctavioRadii
       48    REGISTERPoserSBA
       49    REGISTERPoserTurveyTori
       50    REGISTERRECORD
       51    REGISTERRECORD_STDOUT
       52    REGISTERREPORT_IN_IMU
       53    REGISTERREQ_TRACK_FOR_CAL
       54    REGISTERSBA_REQUIRED_MEAS
       55    REGISTERSBA_TIME_WINDOW
       56    REGISTERSENSOR_VARIANCE
       57    REGISTERSENSOR_VARIANCE_PER_SEC
       58    REGISTERSURVIVE_VERBOSE
       59    REGISTERUSE_IMU
       60    REGISTERUSE_JACOBIAN_FUNCTION
       61    REGISTERUSE_KALMAN
       62    REGISTERVELOCITY_POSITION_VARIANCE_SEC
       63    RegisterDriver
       64    SurviveSensorActivations_add
       65    SurviveSensorActivations_add_imu
       66    SurviveSensorActivations_default_tolerance
       67    SurviveSensorActivations_isPairValid
       68    SurviveSensorActivations_isReadingValid
       69    add3d
       70    angleaxisfrom2vect
       71    anglebetween3d
       72    axisanglefromquat
       73    center3d
       74    compare3d
       75    copy3d
       76    cross3d
       77    dist3d
       78    dot3d
       79    eulerfrom2vectors
       80    eulerrotatevector
       81    general_optimizer_data_dtor
       82    general_optimizer_data_init
       83    general_optimizer_data_record_current_pose
       84    general_optimizer_data_record_failure
       85    general_optimizer_data_record_imu
       86    general_optimizer_data_record_success
       87    handle_lightcap
       88    hid_close
       89    hid_enumerate
       90    hid_error
       91    hid_exit
       92    hid_free_enumeration
       93    hid_get_feature_report
       94    hid_get_indexed_string
       95    hid_get_manufacturer_string
       96    hid_get_product_string
       97    hid_get_serial_number_string
       98    hid_init
       99    hid_open
      100    hid_open_path
      101    hid_read
      102    hid_read_timeout
      103    hid_send_feature_report
      104    hid_set_nonblocking
      105    hid_write
      106    magnitude3d
      107    matrix44copy
      108    matrix44transpose
      109    mean3d
      110    norm3d
      111    normalize3d
      112    quatadd
      113    quatconjugateby
      114    quatcopy
      115    quatdist
      116    quatdivs
      117    quatevenproduct
      118    quatfind
      119    quatfrom2vectors
      120    quatfromaxisangle
      121    quatfromaxisanglemag
      122    quatfromeuler
      123    quatfrommatrix
      124    quatfrommatrix33
      125    quatgetconjugate
      126    quatgetreciprocal
      127    quatinnerproduct
      128    quatinvsqmagnitude
      129    quatiszero
      130    quatmagnitude
      131    quatmultiplyrotation
      132    quatnormalize
      133    quatoddproduct
      134    quatouterproduct
      135    quatrotateabout
      136    quatrotatevector
      137    quatscale
      138    quatset
      139    quatsetnone
      140    quatslerp
      141    quatsub
      142    quattoaxisanglemag
      143    quattoeuler
      144    quattomatrix
      145    quattomatrix33
      146    rotate_vec
      147    rotatearoundaxis
      148    rotation_between_vecs_to_m3
      149    scale3d
      150    sub3d
      151    survive_add_driver
      152    survive_add_object
      153    survive_apply_bsd_calibration
      154    survive_attach_configf
      155    survive_attach_configi
      156    survive_attach_configs
      157    survive_cal_get_status
      158    survive_cal_install
      159    survive_close
      160    survive_config_bind_variable
      161    survive_config_is_set
      162    survive_configf
      163    survive_configi
      164    survive_configs
      165    survive_create_device
      166    survive_create_hmd
      167    survive_create_tr0
      168    survive_create_tr1
      169    survive_create_wm0
      170    survive_create_wm1
      171    survive_create_ww0
      172    survive_default_angle_process
      173    survive_default_button_process
      174    survive_default_external_pose_process
      175    survive_default_external_velocity_process
      176    survive_default_htc_config_process
      177    survive_default_imu_process
      178    survive_default_light_process
      179    survive_default_lighthouse_pose_process
      180    survive_default_raw_pose_process
      181    survive_default_velocity_process
      182    survive_detach_config
      183    survive_get_so_by_name
      184    survive_haptic
      185    survive_imu_tracker_init
      186    survive_imu_tracker_integrate_imu
      187    survive_imu_tracker_integrate_observation
      188    survive_imu_tracker_predict
      189    survive_imu_tracker_predict_pos
      190    survive_imu_tracker_predict_rot
      191    survive_imu_tracker_predict_velocity_pos
      192    survive_imu_tracker_predict_velocity_rot
      193    survive_imu_velocity
      194    survive_init_internal
      195    survive_install_angle_fn
      196    survive_install_button_fn
      197    survive_install_error_fn
      198    survive_install_external_pose_fn
      199    survive_install_external_velocity_fn
      200    survive_install_htc_config_fn
      201    survive_install_imu_fn
      202    survive_install_info_fn
      203    survive_install_light_fn
      204    survive_install_lighthouse_pose_fn
      205    survive_install_pose_fn
      206    survive_install_velocity_fn
      207    survive_load_htc_config_format
      208    survive_object_accel_bias
      209    survive_object_accel_scale
      210    survive_object_charge
      211    survive_object_charging
      212    survive_object_codename
      213    survive_object_drivername
      214    survive_object_gyro_bias
      215    survive_object_gyro_scale
      216    survive_object_last_imu2world
      217    survive_object_pose
      218    survive_object_sensor_ct
      219    survive_object_sensor_locations
      220    survive_object_sensor_normals
      221    survive_optimizer_get_calibration
      222    survive_optimizer_get_calibration_index
      223    survive_optimizer_get_camera
      224    survive_optimizer_get_camera_index
      225    survive_optimizer_get_parameters_count
      226    survive_optimizer_get_pose
      227    survive_optimizer_get_sensors
      228    survive_optimizer_get_sensors_index
      229    survive_optimizer_run
      230    survive_optimizer_setup_cameras
      231    survive_optimizer_setup_pose
      232    survive_poll
      233    survive_remove_object
      234    survive_reproject
      235    survive_reproject_axis_x
      236    survive_reproject_axis_y
      237    survive_reproject_from_pose
      238    survive_reproject_from_pose_with_bcal
      239    survive_reproject_full
      240    survive_reproject_full_jac_obj_pose
      241    survive_reproject_full_x_jac_obj_pose
      242    survive_reproject_full_y_jac_obj_pose
      243    survive_reproject_xy
      244    survive_send_magic
      245    survive_simple_close
      246    survive_simple_get_first_object
      247    survive_simple_get_next_object
      248    survive_simple_get_next_updated
      249    survive_simple_inflate
      250    survive_simple_init
      251    survive_simple_is_running
      252    survive_simple_object_get_latest_pose
      253    survive_simple_object_name
      254    survive_simple_start_thread
      255    survive_startup
      256    survive_timecode_difference
      257    survive_verify_FLT_size
